../Middlewares/ST/STM32_USB_Device_Library/Class/HID/Src/usbd_hid.c:615:16:USBD_HID_DataIn	0	static
../Middlewares/ST/STM32_USB_Device_Library/Class/HID/Src/usbd_hid.c:632:17:USBD_HID_GetDeviceQualifierDesc	0	static
../Middlewares/ST/STM32_USB_Device_Library/Class/HID/Src/usbd_hid.c:554:17:USBD_HID_GetFSCfgDesc	8	static
../Middlewares/ST/STM32_USB_Device_Library/Class/HID/Src/usbd_hid.c:594:17:USBD_HID_GetOtherSpeedCfgDesc	0	static
../Middlewares/ST/STM32_USB_Device_Library/Class/HID/Src/usbd_hid.c:574:17:USBD_HID_GetHSCfgDesc	8	static
../Middlewares/ST/STM32_USB_Device_Library/Class/HID/Src/usbd_hid.c:367:16:USBD_HID_Setup	24	static
../Middlewares/ST/STM32_USB_Device_Library/Class/HID/Src/usbd_hid.c:336:16:USBD_HID_DeInit	16	static
../Middlewares/ST/STM32_USB_Device_Library/Class/HID/Src/usbd_hid.c:289:16:USBD_HID_Init	16	static
../Middlewares/ST/STM32_USB_Device_Library/Class/HID/Src/usbd_hid.c:492:9:USBD_HID_SendReport	16	static
../Middlewares/ST/STM32_USB_Device_Library/Class/HID/Src/usbd_hid.c:524:10:USBD_HID_GetPollingInterval	0	static
