Archive member included to satisfy reference by file (symbol)

c:/st/stm32cubeide_1.10.1/stm32cubeide/plugins/com.st.stm32cube.ide.mcu.externaltools.gnu-tools-for-stm32.10.3-2021.10.win32_1.0.0.202111181127/tools/bin/../lib/gcc/arm-none-eabi/10.3.1/../../../../arm-none-eabi/lib/thumb/v7e-m+fp/hard\libc_nano.a(lib_a-errno.o)
                              ./Core/Src/syscalls.o (__errno)
c:/st/stm32cubeide_1.10.1/stm32cubeide/plugins/com.st.stm32cube.ide.mcu.externaltools.gnu-tools-for-stm32.10.3-2021.10.win32_1.0.0.202111181127/tools/bin/../lib/gcc/arm-none-eabi/10.3.1/../../../../arm-none-eabi/lib/thumb/v7e-m+fp/hard\libc_nano.a(lib_a-exit.o)
                              c:/st/stm32cubeide_1.10.1/stm32cubeide/plugins/com.st.stm32cube.ide.mcu.externaltools.gnu-tools-for-stm32.10.3-2021.10.win32_1.0.0.202111181127/tools/bin/../lib/gcc/arm-none-eabi/10.3.1/../../../../arm-none-eabi/lib/thumb/v7e-m+fp/hard/crt0.o (exit)
c:/st/stm32cubeide_1.10.1/stm32cubeide/plugins/com.st.stm32cube.ide.mcu.externaltools.gnu-tools-for-stm32.10.3-2021.10.win32_1.0.0.202111181127/tools/bin/../lib/gcc/arm-none-eabi/10.3.1/../../../../arm-none-eabi/lib/thumb/v7e-m+fp/hard\libc_nano.a(lib_a-impure.o)
                              c:/st/stm32cubeide_1.10.1/stm32cubeide/plugins/com.st.stm32cube.ide.mcu.externaltools.gnu-tools-for-stm32.10.3-2021.10.win32_1.0.0.202111181127/tools/bin/../lib/gcc/arm-none-eabi/10.3.1/../../../../arm-none-eabi/lib/thumb/v7e-m+fp/hard\libc_nano.a(lib_a-exit.o) (_global_impure_ptr)
c:/st/stm32cubeide_1.10.1/stm32cubeide/plugins/com.st.stm32cube.ide.mcu.externaltools.gnu-tools-for-stm32.10.3-2021.10.win32_1.0.0.202111181127/tools/bin/../lib/gcc/arm-none-eabi/10.3.1/../../../../arm-none-eabi/lib/thumb/v7e-m+fp/hard\libc_nano.a(lib_a-init.o)
                              c:/st/stm32cubeide_1.10.1/stm32cubeide/plugins/com.st.stm32cube.ide.mcu.externaltools.gnu-tools-for-stm32.10.3-2021.10.win32_1.0.0.202111181127/tools/bin/../lib/gcc/arm-none-eabi/10.3.1/../../../../arm-none-eabi/lib/thumb/v7e-m+fp/hard/crt0.o (__libc_init_array)
c:/st/stm32cubeide_1.10.1/stm32cubeide/plugins/com.st.stm32cube.ide.mcu.externaltools.gnu-tools-for-stm32.10.3-2021.10.win32_1.0.0.202111181127/tools/bin/../lib/gcc/arm-none-eabi/10.3.1/../../../../arm-none-eabi/lib/thumb/v7e-m+fp/hard\libc_nano.a(lib_a-memcpy-stub.o)
                              ./Drivers/ssd1306/ssd1306.o (memcpy)
c:/st/stm32cubeide_1.10.1/stm32cubeide/plugins/com.st.stm32cube.ide.mcu.externaltools.gnu-tools-for-stm32.10.3-2021.10.win32_1.0.0.202111181127/tools/bin/../lib/gcc/arm-none-eabi/10.3.1/../../../../arm-none-eabi/lib/thumb/v7e-m+fp/hard\libc_nano.a(lib_a-memset.o)
                              c:/st/stm32cubeide_1.10.1/stm32cubeide/plugins/com.st.stm32cube.ide.mcu.externaltools.gnu-tools-for-stm32.10.3-2021.10.win32_1.0.0.202111181127/tools/bin/../lib/gcc/arm-none-eabi/10.3.1/../../../../arm-none-eabi/lib/thumb/v7e-m+fp/hard/crt0.o (memset)
c:/st/stm32cubeide_1.10.1/stm32cubeide/plugins/com.st.stm32cube.ide.mcu.externaltools.gnu-tools-for-stm32.10.3-2021.10.win32_1.0.0.202111181127/tools/bin/../lib/gcc/arm-none-eabi/10.3.1/../../../../arm-none-eabi/lib/thumb/v7e-m+fp/hard\libm.a(lib_a-sf_cos.o)
                              ./Drivers/ssd1306/ssd1306.o (cosf)
c:/st/stm32cubeide_1.10.1/stm32cubeide/plugins/com.st.stm32cube.ide.mcu.externaltools.gnu-tools-for-stm32.10.3-2021.10.win32_1.0.0.202111181127/tools/bin/../lib/gcc/arm-none-eabi/10.3.1/../../../../arm-none-eabi/lib/thumb/v7e-m+fp/hard\libm.a(lib_a-sf_sin.o)
                              ./Drivers/ssd1306/ssd1306.o (sinf)
c:/st/stm32cubeide_1.10.1/stm32cubeide/plugins/com.st.stm32cube.ide.mcu.externaltools.gnu-tools-for-stm32.10.3-2021.10.win32_1.0.0.202111181127/tools/bin/../lib/gcc/arm-none-eabi/10.3.1/../../../../arm-none-eabi/lib/thumb/v7e-m+fp/hard\libm.a(lib_a-ef_rem_pio2.o)
                              c:/st/stm32cubeide_1.10.1/stm32cubeide/plugins/com.st.stm32cube.ide.mcu.externaltools.gnu-tools-for-stm32.10.3-2021.10.win32_1.0.0.202111181127/tools/bin/../lib/gcc/arm-none-eabi/10.3.1/../../../../arm-none-eabi/lib/thumb/v7e-m+fp/hard\libm.a(lib_a-sf_cos.o) (__ieee754_rem_pio2f)
c:/st/stm32cubeide_1.10.1/stm32cubeide/plugins/com.st.stm32cube.ide.mcu.externaltools.gnu-tools-for-stm32.10.3-2021.10.win32_1.0.0.202111181127/tools/bin/../lib/gcc/arm-none-eabi/10.3.1/../../../../arm-none-eabi/lib/thumb/v7e-m+fp/hard\libm.a(lib_a-kf_cos.o)
                              c:/st/stm32cubeide_1.10.1/stm32cubeide/plugins/com.st.stm32cube.ide.mcu.externaltools.gnu-tools-for-stm32.10.3-2021.10.win32_1.0.0.202111181127/tools/bin/../lib/gcc/arm-none-eabi/10.3.1/../../../../arm-none-eabi/lib/thumb/v7e-m+fp/hard\libm.a(lib_a-sf_cos.o) (__kernel_cosf)
c:/st/stm32cubeide_1.10.1/stm32cubeide/plugins/com.st.stm32cube.ide.mcu.externaltools.gnu-tools-for-stm32.10.3-2021.10.win32_1.0.0.202111181127/tools/bin/../lib/gcc/arm-none-eabi/10.3.1/../../../../arm-none-eabi/lib/thumb/v7e-m+fp/hard\libm.a(lib_a-kf_rem_pio2.o)
[...]
Memory Configuration

Name             Origin             Length             Attributes
RAM              0x0000000020000000 0x0000000000020000 xrw
FLASH            0x0000000008000000 0x0000000000040000 xr
*default*        0x0000000000000000 0xffffffffffffffff

Linker script and memory map

LOAD c:/st/stm32cubeide_1.10.1/stm32cubeide/plugins/com.st.stm32cube.ide.mcu.externaltools.gnu-tools-for-stm32.10.3-2021.10.win32_1.0.0.202111181127/tools/bin/../lib/gcc/arm-none-eabi/10.3.1/thumb/v7e-m+fp/hard/crti.o
LOAD c:/st/stm32cubeide_1.10.1/stm32cubeide/plugins/com.st.stm32cube.ide.mcu.externaltools.gnu-tools-for-stm32.10.3-2021.10.win32_1.0.0.202111181127/tools/bin/../lib/gcc/arm-none-eabi/10.3.1/thumb/v7e-m+fp/hard/crtbegin.o
LOAD c:/st/stm32cubeide_1.10.1/stm32cubeide/plugins/com.st.stm32cube.ide.mcu.externaltools.gnu-tools-for-stm32.10.3-2021.10.win32_1.0.0.202111181127/tools/bin/../lib/gcc/arm-none-eabi/10.3.1/../../../../arm-none-eabi/lib/thumb/v7e-m+fp/hard/crt0.o
LOAD ./Core/Src/main.o
LOAD ./Core/Src/stm32f4xx_hal_msp.o
LOAD ./Core/Src/stm32f4xx_it.o
LOAD ./Core/Src/syscalls.o
LOAD ./Core/Src/sysmem.o
LOAD ./Core/Src/system_stm32f4xx.o
LOAD ./Core/Startup/startup_stm32f446rctx.o
LOAD ./Drivers/STM32F4xx_HAL_Driver/Src/stm32f4xx_hal.o
LOAD ./Drivers/STM32F4xx_HAL_Driver/Src/stm32f4xx_hal_cortex.o
LOAD ./Drivers/STM32F4xx_HAL_Driver/Src/stm32f4xx_hal_crc.o
LOAD ./Drivers/STM32F4xx_HAL_Driver/Src/stm32f4xx_hal_dma.o
LOAD ./Drivers/STM32F4xx_HAL_Driver/Src/stm32f4xx_hal_dma_ex.o
LOAD ./Drivers/STM32F4xx_HAL_Driver/Src/stm32f4xx_hal_exti.o
LOAD ./Drivers/STM32F4xx_HAL_Driver/Src/stm32f4xx_hal_flash.o
LOAD ./Drivers/STM32F4xx_HAL_Driver/Src/stm32f4xx_hal_flash_ex.o
LOAD ./Drivers/STM32F4xx_HAL_Driver/Src/stm32f4xx_hal_flash_ramfunc.o
LOAD ./Drivers/STM32F4xx_HAL_Driver/Src/stm32f4xx_hal_gpio.o
LOAD ./Drivers/STM32F4xx_HAL_Driver/Src/stm32f4xx_hal_i2c.o
LOAD ./Drivers/STM32F4xx_HAL_Driver/Src/stm32f4xx_hal_i2c_ex.o
LOAD ./Drivers/STM32F4xx_HAL_Driver/Src/stm32f4xx_hal_pcd.o
LOAD ./Drivers/STM32F4xx_HAL_Driver/Src/stm32f4xx_hal_pcd_ex.o
LOAD ./Drivers/STM32F4xx_HAL_Driver/Src/stm32f4xx_hal_pwr.o
LOAD ./Drivers/STM32F4xx_HAL_Driver/Src/stm32f4xx_hal_pwr_ex.o
LOAD ./Drivers/STM32F4xx_HAL_Driver/Src/stm32f4xx_hal_rcc.o
LOAD ./Drivers/STM32F4xx_HAL_Driver/Src/stm32f4xx_hal_rcc_ex.o
LOAD ./Drivers/STM32F4xx_HAL_Driver/Src/stm32f4xx_hal_tim.o
LOAD ./Drivers/STM32F4xx_HAL_Driver/Src/stm32f4xx_hal_tim_ex.o
LOAD ./Drivers/STM32F4xx_HAL_Driver/Src/stm32f4xx_hal_uart.o
LOAD ./Drivers/STM32F4xx_HAL_Driver/Src/stm32f4xx_ll_usb.o
LOAD ./Drivers/ssd1306/ssd1306.o
LOAD ./Drivers/ssd1306/ssd1306_fonts.o
LOAD ./Middlewares/ST/STM32_USB_Device_Library/Class/HID/Src/usbd_hid.o
LOAD ./Middlewares/ST/STM32_USB_Device_Library/Core/Src/usbd_core.o
LOAD ./Middlewares/ST/STM32_USB_Device_Library/Core/Src/usbd_ctlreq.o
LOAD ./Middlewares/ST/STM32_USB_Device_Library/Core/Src/usbd_ioreq.o
LOAD ./USB_DEVICE/App/usb_device.o
LOAD ./USB_DEVICE/App/usbd_desc.o
LOAD ./USB_DEVICE/Target/usbd_conf.o
START GROUP
LOAD c:/st/stm32cubeide_1.10.1/stm32cubeide/plugins/com.st.stm32cube.ide.mcu.externaltools.gnu-tools-for-stm32.10.3-2021.10.win32_1.0.0.202111181127/tools/bin/../lib/gcc/arm-none-eabi/10.3.1/../../../../arm-none-eabi/lib/thumb/v7e-m+fp/hard\libc_nano.a
LOAD c:/st/stm32cubeide_1.10.1/stm32cubeide/plugins/com.st.stm32cube.ide.mcu.externaltools.gnu-tools-for-stm32.10.3-2021.10.win32_1.0.0.202111181127/tools/bin/../lib/gcc/arm-none-eabi/10.3.1/../../../../arm-none-eabi/lib/thumb/v7e-m+fp/hard\libm.a
END GROUP
START GROUP
LOAD c:/st/stm32cubeide_1.10.1/stm32cubeide/plugins/com.st.stm32cube.ide.mcu.externaltools.gnu-tools-for-stm32.10.3-2021.10.win32_1.0.0.202111181127/tools/bin/../lib/gcc/arm-none-eabi/10.3.1/thumb/v7e-m+fp/hard\libgcc.a
LOAD c:/st/stm32cubeide_1.10.1/stm32cubeide/plugins/com.st.stm32cube.ide.mcu.externaltools.gnu-tools-for-stm32.10.3-2021.10.win32_1.0.0.202111181127/tools/bin/../lib/gcc/arm-none-eabi/10.3.1/../../../../arm-none-eabi/lib/thumb/v7e-m+fp/hard\libc_nano.a
END GROUP
START GROUP
LOAD c:/st/stm32cubeide_1.10.1/stm32cubeide/plugins/com.st.stm32cube.ide.mcu.externaltools.gnu-tools-for-stm32.10.3-2021.10.win32_1.0.0.202111181127/tools/bin/../lib/gcc/arm-none-eabi/10.3.1/thumb/v7e-m+fp/hard\libgcc.a
LOAD c:/st/stm32cubeide_1.10.1/stm32cubeide/plugins/com.st.stm32cube.ide.mcu.externaltools.gnu-tools-for-stm32.10.3-2021.10.win32_1.0.0.202111181127/tools/bin/../lib/gcc/arm-none-eabi/10.3.1/../../../../arm-none-eabi/lib/thumb/v7e-m+fp/hard\libc_nano.a
LOAD c:/st/stm32cubeide_1.10.1/stm32cubeide/plugins/com.st.stm32cube.ide.mcu.externaltools.gnu-tools-for-stm32.10.3-2021.10.win32_1.0.0.202111181127/tools/bin/../lib/gcc/arm-none-eabi/10.3.1/../../../../arm-none-eabi/lib/thumb/v7e-m+fp/hard\libnosys.a
END GROUP
START GROUP
LOAD c:/st/stm32cubeide_1.10.1/stm32cubeide/plugins/com.st.stm32cube.ide.mcu.externaltools.gnu-tools-for-stm32.10.3-2021.10.win32_1.0.0.202111181127/tools/bin/../lib/gcc/arm-none-eabi/10.3.1/thumb/v7e-m+fp/hard\libgcc.a
LOAD c:/st/stm32cubeide_1.10.1/stm32cubeide/plugins/com.st.stm32cube.ide.mcu.externaltools.gnu-tools-for-stm32.10.3-2021.10.win32_1.0.0.202111181127/tools/bin/../lib/gcc/arm-none-eabi/10.3.1/../../../../arm-none-eabi/lib/thumb/v7e-m+fp/hard\libc_nano.a
LOAD c:/st/stm32cubeide_1.10.1/stm32cubeide/plugins/com.st.stm32cube.ide.mcu.externaltools.gnu-tools-for-stm32.10.3-2021.10.win32_1.0.0.202111181127/tools/bin/../lib/gcc/arm-none-eabi/10.3.1/../../../../arm-none-eabi/lib/thumb/v7e-m+fp/hard\libnosys.a
END GROUP
LOAD c:/st/stm32cubeide_1.10.1/stm32cubeide/plugins/com.st.stm32cube.ide.mcu.externaltools.gnu-tools-for-stm32.10.3-2021.10.win32_1.0.0.202111181127/tools/bin/../lib/gcc/arm-none-eabi/10.3.1/thumb/v7e-m+fp/hard/crtend.o
LOAD c:/st/stm32cubeide_1.10.1/stm32cubeide/plugins/com.st.stm32cube.ide.mcu.externaltools.gnu-tools-for-stm32.10.3-2021.10.win32_1.0.0.202111181127/tools/bin/../lib/gcc/arm-none-eabi/10.3.1/thumb/v7e-m+fp/hard/crtn.o
                0x0000000020020000                _estack = (ORIGIN (RAM) + LENGTH (RAM))
                0x0000000000000200                _Min_Heap_Size = 0x200
                0x0000000000000400                _Min_Stack_Size = 0x400

.isr_vector     0x0000000008000000      0x1c4
                0x0000000008000000                . = ALIGN (0x4)
 *(.isr_vector)
 .isr_vector    0x0000000008000000      0x1c4 ./Core/Startup/startup_stm32f446rctx.o
                0x0000000008000000                g_pfnVectors
                0x00000000080001c4                . = ALIGN (0x4)

.text           0x00000000080001c4     0x8edc
                0x00000000080001c4                . = ALIGN (0x4)
 *(.text)
 .text          0x00000000080001c4       0x40 c:/st/stm32cubeide_1.10.1/stm32cubeide/plugins/com.st.stm32cube.ide.mcu.externaltools.gnu-tools-for-stm32.10.3-2021.10.win32_1.0.0.202111181127/tools/bin/../lib/gcc/arm-none-eabi/10.3.1/thumb/v7e-m+fp/hard/crtbegin.o
 .text          0x0000000008000204       0x30 c:/st/stm32cubeide_1.10.1/stm32cubeide/plugins/com.st.stm32cube.ide.mcu.externaltools.gnu-tools-for-stm32.10.3-2021.10.win32_1.0.0.202111181127/tools/bin/../lib/gcc/arm-none-eabi/10.3.1/thumb/v7e-m+fp/hard\libgcc.a(_aeabi_uldivmod.o)
                0x0000000008000204                __aeabi_uldivmod
 .text          0x0000000008000234      0x2d0 c:/st/stm32cubeide_1.10.1/stm32cubeide/plugins/com.st.stm32cube.ide.mcu.externaltools.gnu-tools-for-stm32.10.3-2021.10.win32_1.0.0.202111181127/tools/bin/../lib/gcc/arm-none-eabi/10.3.1/thumb/v7e-m+fp/hard\libgcc.a(_udivmoddi4.o)
                0x0000000008000234                __udivmoddi4
 .text          0x0000000008000504        0x4 c:/st/stm32cubeide_1.10.1/stm32cubeide/plugins/com.st.stm32cube.ide.mcu.externaltools.gnu-tools-for-stm32.10.3-2021.10.win32_1.0.0.202111181127/tools/bin/../lib/gcc/arm-none-eabi/10.3.1/thumb/v7e-m+fp/hard\libgcc.a(_dvmd_tls.o)
                0x0000000008000504                __aeabi_idiv0
                0x0000000008000504                __aeabi_ldiv0
 *(.text*)
 .text.main     0x0000000008000508       0xd8 ./Core/Src/main.o
                0x0000000008000508                main
 .text.SystemClock_Config
                0x00000000080005e0       0xd8 ./Core/Src/main.o
                0x00000000080005e0                SystemClock_Config
 .text.MX_CRC_Init
                0x00000000080006b8       0x28 ./Core/Src/main.o
 .text.MX_I2C3_Init
                0x00000000080006e0       0x5c ./Core/Src/main.o
 .text.MX_USART6_UART_Init
                0x000000000800073c       0x54 ./Core/Src/main.o
 .text.MX_GPIO_Init
                0x0000000008000790      0x12c ./Core/Src/main.o
 .text.GPIO_Poll
                0x00000000080008bc      0x1dc ./Core/Src/main.o
                0x00000000080008bc                GPIO_Poll
 .text.DPAD_Poll
                0x0000000008000a98      0x11c ./Core/Src/main.o
                0x0000000008000a98                DPAD_Poll
 .text.DrawAll  0x0000000008000bb4       0x28 ./Core/Src/main.o
                0x0000000008000bb4                DrawAll
 .text.Draw_Buttons
                0x0000000008000bdc       0xf8 ./Core/Src/main.o
                0x0000000008000bdc                Draw_Buttons
 .text.Draw_DPAD
                0x0000000008000cd4      0x114 ./Core/Src/main.o
                0x0000000008000cd4                Draw_DPAD
 .text.Error_Handler
                0x0000000008000de8        0xa ./Core/Src/main.o
                0x0000000008000de8                Error_Handler
 *fill*         0x0000000008000df2        0x2 
 .text.HAL_MspInit
                0x0000000008000df4       0x50 ./Core/Src/stm32f4xx_hal_msp.o
                0x0000000008000df4                HAL_MspInit
 .text.HAL_CRC_MspInit
                0x0000000008000e44       0x44 ./Core/Src/stm32f4xx_hal_msp.o
                0x0000000008000e44                HAL_CRC_MspInit
 .text.HAL_I2C_MspInit
                0x0000000008000e88       0xd4 ./Core/Src/stm32f4xx_hal_msp.o
                0x0000000008000e88                HAL_I2C_MspInit
 .text.HAL_UART_MspInit
                0x0000000008000f5c       0x90 ./Core/Src/stm32f4xx_hal_msp.o
                0x0000000008000f5c                HAL_UART_MspInit
 .text.NMI_Handler
                0x0000000008000fec        0x6 ./Core/Src/stm32f4xx_it.o
                0x0000000008000fec                NMI_Handler
 .text.HardFault_Handler
                0x0000000008000ff2        0x6 ./Core/Src/stm32f4xx_it.o
                0x0000000008000ff2                HardFault_Handler
 .text.MemManage_Handler
                0x0000000008000ff8        0x6 ./Core/Src/stm32f4xx_it.o
                0x0000000008000ff8                MemManage_Handler
 .text.BusFault_Handler
                0x0000000008000ffe        0x6 ./Core/Src/stm32f4xx_it.o
                0x0000000008000ffe                BusFault_Handler
 .text.UsageFault_Handler
                0x0000000008001004        0x6 ./Core/Src/stm32f4xx_it.o
                0x0000000008001004                UsageFault_Handler
 .text.SVC_Handler
                0x000000000800100a        0xe ./Core/Src/stm32f4xx_it.o
                0x000000000800100a                SVC_Handler
 .text.DebugMon_Handler
                0x0000000008001018        0xe ./Core/Src/stm32f4xx_it.o
                0x0000000008001018                DebugMon_Handler
 .text.PendSV_Handler
                0x0000000008001026        0xe ./Core/Src/stm32f4xx_it.o
                0x0000000008001026                PendSV_Handler
 .text.SysTick_Handler
                0x0000000008001034        0xc ./Core/Src/stm32f4xx_it.o
                0x0000000008001034                SysTick_Handler
 .text.OTG_FS_IRQHandler
                0x0000000008001040       0x14 ./Core/Src/stm32f4xx_it.o
                0x0000000008001040                OTG_FS_IRQHandler
 .text.SystemInit
                0x0000000008001054       0x24 ./Core/Src/system_stm32f4xx.o
                0x0000000008001054                SystemInit
 .text.Reset_Handler
                0x0000000008001078       0x50 ./Core/Startup/startup_stm32f446rctx.o
                0x0000000008001078                Reset_Handler
 .text.Default_Handler
                0x00000000080010c8        0x2 ./Core/Startup/startup_stm32f446rctx.o
                0x00000000080010c8                RTC_Alarm_IRQHandler
                0x00000000080010c8                EXTI2_IRQHandler
                0x00000000080010c8                TIM8_CC_IRQHandler
                0x00000000080010c8                FMPI2C1_EV_IRQHandler
                0x00000000080010c8                SPI4_IRQHandler
                0x00000000080010c8                TIM1_CC_IRQHandler
                0x00000000080010c8                DMA2_Stream5_IRQHandler
                0x00000000080010c8                DMA1_Stream5_IRQHandler
                0x00000000080010c8                PVD_IRQHandler
                0x00000000080010c8                SDIO_IRQHandler
                0x00000000080010c8                TAMP_STAMP_IRQHandler
                0x00000000080010c8                CAN2_RX1_IRQHandler
                0x00000000080010c8                EXTI3_IRQHandler
                0x00000000080010c8                TIM8_TRG_COM_TIM14_IRQHandler
                0x00000000080010c8                TIM1_UP_TIM10_IRQHandler
                0x00000000080010c8                TIM8_UP_TIM13_IRQHandler
                0x00000000080010c8                I2C3_ER_IRQHandler
                0x00000000080010c8                EXTI0_IRQHandler
                0x00000000080010c8                I2C2_EV_IRQHandler
                0x00000000080010c8                DMA1_Stream2_IRQHandler
                0x00000000080010c8                CAN1_RX0_IRQHandler
                0x00000000080010c8                FPU_IRQHandler
                0x00000000080010c8                OTG_HS_WKUP_IRQHandler
                0x00000000080010c8                CAN2_SCE_IRQHandler
                0x00000000080010c8                DMA2_Stream2_IRQHandler
                0x00000000080010c8                SPI1_IRQHandler
                0x00000000080010c8                TIM6_DAC_IRQHandler
                0x00000000080010c8                TIM1_BRK_TIM9_IRQHandler
                0x00000000080010c8                DCMI_IRQHandler
                0x00000000080010c8                CAN2_RX0_IRQHandler
                0x00000000080010c8                DMA2_Stream3_IRQHandler
                0x00000000080010c8                SAI2_IRQHandler
                0x00000000080010c8                USART6_IRQHandler
                0x00000000080010c8                USART3_IRQHandler
                0x00000000080010c8                CAN1_RX1_IRQHandler
                0x00000000080010c8                UART5_IRQHandler
                0x00000000080010c8                DMA2_Stream0_IRQHandler
                0x00000000080010c8                TIM4_IRQHandler
                0x00000000080010c8                QUADSPI_IRQHandler
                0x00000000080010c8                I2C1_EV_IRQHandler
                0x00000000080010c8                DMA1_Stream6_IRQHandler
                0x00000000080010c8                DMA1_Stream1_IRQHandler
                0x00000000080010c8                UART4_IRQHandler
                0x00000000080010c8                TIM3_IRQHandler
                0x00000000080010c8                RCC_IRQHandler
                0x00000000080010c8                TIM8_BRK_TIM12_IRQHandler
                0x00000000080010c8                Default_Handler
                0x00000000080010c8                CEC_IRQHandler
                0x00000000080010c8                EXTI15_10_IRQHandler
                0x00000000080010c8                ADC_IRQHandler
                0x00000000080010c8                DMA1_Stream7_IRQHandler
                0x00000000080010c8                TIM7_IRQHandler
                0x00000000080010c8                CAN2_TX_IRQHandler
                0x00000000080010c8                TIM5_IRQHandler
                0x00000000080010c8                DMA2_Stream7_IRQHandler
                0x00000000080010c8                I2C3_EV_IRQHandler
                0x00000000080010c8                EXTI9_5_IRQHandler
                0x00000000080010c8                RTC_WKUP_IRQHandler
                0x00000000080010c8                SPDIF_RX_IRQHandler
                0x00000000080010c8                SPI2_IRQHandler
                0x00000000080010c8                OTG_HS_EP1_IN_IRQHandler
                0x00000000080010c8                DMA1_Stream0_IRQHandler
                0x00000000080010c8                CAN1_TX_IRQHandler
                0x00000000080010c8                FMPI2C1_ER_IRQHandler
                0x00000000080010c8                EXTI4_IRQHandler
                0x00000000080010c8                OTG_HS_EP1_OUT_IRQHandler
                0x00000000080010c8                WWDG_IRQHandler
                0x00000000080010c8                TIM2_IRQHandler
                0x00000000080010c8                OTG_FS_WKUP_IRQHandler
                0x00000000080010c8                TIM1_TRG_COM_TIM11_IRQHandler
                0x00000000080010c8                OTG_HS_IRQHandler
                0x00000000080010c8                EXTI1_IRQHandler
                0x00000000080010c8                USART2_IRQHandler
                0x00000000080010c8                I2C2_ER_IRQHandler
                0x00000000080010c8                DMA2_Stream1_IRQHandler
                0x00000000080010c8                CAN1_SCE_IRQHandler
                0x00000000080010c8                FLASH_IRQHandler
                0x00000000080010c8                DMA2_Stream4_IRQHandler
                0x00000000080010c8                USART1_IRQHandler
                0x00000000080010c8                SPI3_IRQHandler
                0x00000000080010c8                DMA1_Stream4_IRQHandler
                0x00000000080010c8                I2C1_ER_IRQHandler
                0x00000000080010c8                FMC_IRQHandler
                0x00000000080010c8                DMA2_Stream6_IRQHandler
                0x00000000080010c8                SAI1_IRQHandler
                0x00000000080010c8                DMA1_Stream3_IRQHandler
 *fill*         0x00000000080010ca        0x2 
 .text.HAL_Init
                0x00000000080010cc       0x44 ./Drivers/STM32F4xx_HAL_Driver/Src/stm32f4xx_hal.o
                0x00000000080010cc                HAL_Init
 .text.HAL_InitTick
                0x0000000008001110       0x60 ./Drivers/STM32F4xx_HAL_Driver/Src/stm32f4xx_hal.o
                0x0000000008001110                HAL_InitTick
 .text.HAL_IncTick
                0x0000000008001170       0x28 ./Drivers/STM32F4xx_HAL_Driver/Src/stm32f4xx_hal.o
                0x0000000008001170                HAL_IncTick
 .text.HAL_GetTick
                0x0000000008001198       0x18 ./Drivers/STM32F4xx_HAL_Driver/Src/stm32f4xx_hal.o
                0x0000000008001198                HAL_GetTick
 .text.HAL_Delay
                0x00000000080011b0       0x48 ./Drivers/STM32F4xx_HAL_Driver/Src/stm32f4xx_hal.o
                0x00000000080011b0                HAL_Delay
 .text.__NVIC_SetPriorityGrouping
                0x00000000080011f8       0x48 ./Drivers/STM32F4xx_HAL_Driver/Src/stm32f4xx_hal_cortex.o
 .text.__NVIC_GetPriorityGrouping
                0x0000000008001240       0x1c ./Drivers/STM32F4xx_HAL_Driver/Src/stm32f4xx_hal_cortex.o
 .text.__NVIC_EnableIRQ
                0x000000000800125c       0x3c ./Drivers/STM32F4xx_HAL_Driver/Src/stm32f4xx_hal_cortex.o
 .text.__NVIC_SetPriority
                0x0000000008001298       0x54 ./Drivers/STM32F4xx_HAL_Driver/Src/stm32f4xx_hal_cortex.o
 .text.NVIC_EncodePriority
                0x00000000080012ec       0x66 ./Drivers/STM32F4xx_HAL_Driver/Src/stm32f4xx_hal_cortex.o
 *fill*         0x0000000008001352        0x2 
 .text.SysTick_Config
                0x0000000008001354       0x44 ./Drivers/STM32F4xx_HAL_Driver/Src/stm32f4xx_hal_cortex.o
 .text.HAL_NVIC_SetPriorityGrouping
                0x0000000008001398       0x16 ./Drivers/STM32F4xx_HAL_Driver/Src/stm32f4xx_hal_cortex.o
                0x0000000008001398                HAL_NVIC_SetPriorityGrouping
 .text.HAL_NVIC_SetPriority
                0x00000000080013ae       0x38 ./Drivers/STM32F4xx_HAL_Driver/Src/stm32f4xx_hal_cortex.o
                0x00000000080013ae                HAL_NVIC_SetPriority
 .text.HAL_NVIC_EnableIRQ
                0x00000000080013e6       0x1c ./Drivers/STM32F4xx_HAL_Driver/Src/stm32f4xx_hal_cortex.o
                0x00000000080013e6                HAL_NVIC_EnableIRQ
 .text.HAL_SYSTICK_Config
                0x0000000008001402       0x18 ./Drivers/STM32F4xx_HAL_Driver/Src/stm32f4xx_hal_cortex.o
                0x0000000008001402                HAL_SYSTICK_Config
 .text.HAL_CRC_Init
                0x000000000800141a       0x38 ./Drivers/STM32F4xx_HAL_Driver/Src/stm32f4xx_hal_crc.o
                0x000000000800141a                HAL_CRC_Init
 *fill*         0x0000000008001452        0x2 
 .text.HAL_GPIO_Init
                0x0000000008001454      0x328 ./Drivers/STM32F4xx_HAL_Driver/Src/stm32f4xx_hal_gpio.o
                0x0000000008001454                HAL_GPIO_Init
 .text.HAL_GPIO_ReadPin
                0x000000000800177c       0x30 ./Drivers/STM32F4xx_HAL_Driver/Src/stm32f4xx_hal_gpio.o
                0x000000000800177c                HAL_GPIO_ReadPin
 .text.HAL_GPIO_WritePin
                0x00000000080017ac       0x32 ./Drivers/STM32F4xx_HAL_Driver/Src/stm32f4xx_hal_gpio.o
                0x00000000080017ac                HAL_GPIO_WritePin
 *fill*         0x00000000080017de        0x2 
 .text.HAL_I2C_Init
                0x00000000080017e0      0x288 ./Drivers/STM32F4xx_HAL_Driver/Src/stm32f4xx_hal_i2c.o
                0x00000000080017e0                HAL_I2C_Init
 .text.HAL_I2C_Mem_Write
                0x0000000008001a68      0x1f4 ./Drivers/STM32F4xx_HAL_Driver/Src/stm32f4xx_hal_i2c.o
                0x0000000008001a68                HAL_I2C_Mem_Write
 .text.I2C_RequestMemoryWrite
                0x0000000008001c5c      0x12c ./Drivers/STM32F4xx_HAL_Driver/Src/stm32f4xx_hal_i2c.o
 .text.I2C_WaitOnFlagUntilTimeout
                0x0000000008001d88       0xae ./Drivers/STM32F4xx_HAL_Driver/Src/stm32f4xx_hal_i2c.o
 .text.I2C_WaitOnMasterAddressFlagUntilTimeout
                0x0000000008001e36       0xfe ./Drivers/STM32F4xx_HAL_Driver/Src/stm32f4xx_hal_i2c.o
 .text.I2C_WaitOnTXEFlagUntilTimeout
                0x0000000008001f34       0x82 ./Drivers/STM32F4xx_HAL_Driver/Src/stm32f4xx_hal_i2c.o
 .text.I2C_WaitOnBTFFlagUntilTimeout
                0x0000000008001fb6       0x82 ./Drivers/STM32F4xx_HAL_Driver/Src/stm32f4xx_hal_i2c.o
 .text.I2C_IsAcknowledgeFailed
                0x0000000008002038       0x5e ./Drivers/STM32F4xx_HAL_Driver/Src/stm32f4xx_hal_i2c.o
 .text.HAL_PCD_Init
                0x0000000008002096      0x248 ./Drivers/STM32F4xx_HAL_Driver/Src/stm32f4xx_hal_pcd.o
                0x0000000008002096                HAL_PCD_Init
 .text.HAL_PCD_Start
                0x00000000080022de       0x66 ./Drivers/STM32F4xx_HAL_Driver/Src/stm32f4xx_hal_pcd.o
                0x00000000080022de                HAL_PCD_Start
 .text.HAL_PCD_IRQHandler
                0x0000000008002344      0x998 ./Drivers/STM32F4xx_HAL_Driver/Src/stm32f4xx_hal_pcd.o
                0x0000000008002344                HAL_PCD_IRQHandler
 .text.HAL_PCD_SetAddress
                0x0000000008002cdc       0x4a ./Drivers/STM32F4xx_HAL_Driver/Src/stm32f4xx_hal_pcd.o
                0x0000000008002cdc                HAL_PCD_SetAddress
 .text.HAL_PCD_EP_Open
                0x0000000008002d26       0xd0 ./Drivers/STM32F4xx_HAL_Driver/Src/stm32f4xx_hal_pcd.o
                0x0000000008002d26                HAL_PCD_EP_Open
 .text.HAL_PCD_EP_Close
                0x0000000008002df6       0x94 ./Drivers/STM32F4xx_HAL_Driver/Src/stm32f4xx_hal_pcd.o
                0x0000000008002df6                HAL_PCD_EP_Close
 .text.HAL_PCD_EP_Receive
                0x0000000008002e8a       0x96 ./Drivers/STM32F4xx_HAL_Driver/Src/stm32f4xx_hal_pcd.o
                0x0000000008002e8a                HAL_PCD_EP_Receive
 .text.HAL_PCD_EP_Transmit
                0x0000000008002f20       0x94 ./Drivers/STM32F4xx_HAL_Driver/Src/stm32f4xx_hal_pcd.o
                0x0000000008002f20                HAL_PCD_EP_Transmit
 .text.HAL_PCD_EP_SetStall
                0x0000000008002fb4       0xc8 ./Drivers/STM32F4xx_HAL_Driver/Src/stm32f4xx_hal_pcd.o
                0x0000000008002fb4                HAL_PCD_EP_SetStall
 .text.HAL_PCD_EP_ClrStall
                0x000000000800307c       0xac ./Drivers/STM32F4xx_HAL_Driver/Src/stm32f4xx_hal_pcd.o
                0x000000000800307c                HAL_PCD_EP_ClrStall
 .text.HAL_PCD_EP_Abort
                0x0000000008003128       0x62 ./Drivers/STM32F4xx_HAL_Driver/Src/stm32f4xx_hal_pcd.o
                0x0000000008003128                HAL_PCD_EP_Abort
 .text.PCD_WriteEmptyTxFifo
                0x000000000800318a      0x11a ./Drivers/STM32F4xx_HAL_Driver/Src/stm32f4xx_hal_pcd.o
 .text.PCD_EP_OutXfrComplete_int
                0x00000000080032a4      0x1d0 ./Drivers/STM32F4xx_HAL_Driver/Src/stm32f4xx_hal_pcd.o
 .text.PCD_EP_OutSetupPacket_int
                0x0000000008003474       0x8c ./Drivers/STM32F4xx_HAL_Driver/Src/stm32f4xx_hal_pcd.o
 .text.HAL_PCDEx_SetTxFiFo
                0x0000000008003500       0x8e ./Drivers/STM32F4xx_HAL_Driver/Src/stm32f4xx_hal_pcd_ex.o
                0x0000000008003500                HAL_PCDEx_SetTxFiFo
 .text.HAL_PCDEx_SetRxFiFo
                0x000000000800358e       0x22 ./Drivers/STM32F4xx_HAL_Driver/Src/stm32f4xx_hal_pcd_ex.o
                0x000000000800358e                HAL_PCDEx_SetRxFiFo
 .text.HAL_PCDEx_ActivateLPM
                0x00000000080035b0       0x48 ./Drivers/STM32F4xx_HAL_Driver/Src/stm32f4xx_hal_pcd_ex.o
                0x00000000080035b0                HAL_PCDEx_ActivateLPM
 .text.HAL_RCC_ClockConfig
                0x00000000080035f8      0x1cc ./Drivers/STM32F4xx_HAL_Driver/Src/stm32f4xx_hal_rcc.o
                0x00000000080035f8                HAL_RCC_ClockConfig
 .text.HAL_RCC_GetHCLKFreq
                0x00000000080037c4       0x18 ./Drivers/STM32F4xx_HAL_Driver/Src/stm32f4xx_hal_rcc.o
                0x00000000080037c4                HAL_RCC_GetHCLKFreq
 .text.HAL_RCC_GetPCLK1Freq
                0x00000000080037dc       0x28 ./Drivers/STM32F4xx_HAL_Driver/Src/stm32f4xx_hal_rcc.o
                0x00000000080037dc                HAL_RCC_GetPCLK1Freq
 .text.HAL_RCC_GetPCLK2Freq
                0x0000000008003804       0x28 ./Drivers/STM32F4xx_HAL_Driver/Src/stm32f4xx_hal_rcc.o
                0x0000000008003804                HAL_RCC_GetPCLK2Freq
 .text.HAL_RCCEx_PeriphCLKConfig
                0x000000000800382c      0x654 ./Drivers/STM32F4xx_HAL_Driver/Src/stm32f4xx_hal_rcc_ex.o
                0x000000000800382c                HAL_RCCEx_PeriphCLKConfig
 .text.HAL_RCC_GetSysClockFreq
                0x0000000008003e80      0x460 ./Drivers/STM32F4xx_HAL_Driver/Src/stm32f4xx_hal_rcc_ex.o
                0x0000000008003e80                HAL_RCC_GetSysClockFreq
 .text.HAL_RCC_OscConfig
                0x00000000080042e0      0x53c ./Drivers/STM32F4xx_HAL_Driver/Src/stm32f4xx_hal_rcc_ex.o
                0x00000000080042e0                HAL_RCC_OscConfig
 .text.HAL_UART_Init
                0x000000000800481c       0x9a ./Drivers/STM32F4xx_HAL_Driver/Src/stm32f4xx_hal_uart.o
                0x000000000800481c                HAL_UART_Init
 *fill*         0x00000000080048b6        0x2 
 .text.UART_SetConfig
                0x00000000080048b8      0x4e8 ./Drivers/STM32F4xx_HAL_Driver/Src/stm32f4xx_hal_uart.o
 .text.USB_CoreInit
                0x0000000008004da0       0xc2 ./Drivers/STM32F4xx_HAL_Driver/Src/stm32f4xx_ll_usb.o
                0x0000000008004da0                USB_CoreInit
 *fill*         0x0000000008004e62        0x2 
 .text.USB_SetTurnaroundTime
                0x0000000008004e64      0x144 ./Drivers/STM32F4xx_HAL_Driver/Src/stm32f4xx_ll_usb.o
                0x0000000008004e64                USB_SetTurnaroundTime
 .text.USB_EnableGlobalInt
                0x0000000008004fa8       0x22 ./Drivers/STM32F4xx_HAL_Driver/Src/stm32f4xx_ll_usb.o
                0x0000000008004fa8                USB_EnableGlobalInt
 .text.USB_DisableGlobalInt
                0x0000000008004fca       0x22 ./Drivers/STM32F4xx_HAL_Driver/Src/stm32f4xx_ll_usb.o
                0x0000000008004fca                USB_DisableGlobalInt
 .text.USB_SetCurrentMode
                0x0000000008004fec       0x98 ./Drivers/STM32F4xx_HAL_Driver/Src/stm32f4xx_ll_usb.o
                0x0000000008004fec                USB_SetCurrentMode
 .text.USB_DevInit
                0x0000000008005084      0x2bc ./Drivers/STM32F4xx_HAL_Driver/Src/stm32f4xx_ll_usb.o
                0x0000000008005084                USB_DevInit
 .text.USB_FlushTxFifo
                0x0000000008005340       0x68 ./Drivers/STM32F4xx_HAL_Driver/Src/stm32f4xx_ll_usb.o
                0x0000000008005340                USB_FlushTxFifo
 .text.USB_FlushRxFifo
                0x00000000080053a8       0x60 ./Drivers/STM32F4xx_HAL_Driver/Src/stm32f4xx_ll_usb.o
                0x00000000080053a8                USB_FlushRxFifo
 .text.USB_SetDevSpeed
                0x0000000008005408       0x32 ./Drivers/STM32F4xx_HAL_Driver/Src/stm32f4xx_ll_usb.o
                0x0000000008005408                USB_SetDevSpeed
 .text.USB_GetDevSpeed
                0x000000000800543a       0x4a ./Drivers/STM32F4xx_HAL_Driver/Src/stm32f4xx_ll_usb.o
                0x000000000800543a                USB_GetDevSpeed
 .text.USB_ActivateEndpoint
                0x0000000008005484      0x10e ./Drivers/STM32F4xx_HAL_Driver/Src/stm32f4xx_ll_usb.o
                0x0000000008005484                USB_ActivateEndpoint
 *fill*         0x0000000008005592        0x2 
 .text.USB_DeactivateEndpoint
                0x0000000008005594      0x1b8 ./Drivers/STM32F4xx_HAL_Driver/Src/stm32f4xx_ll_usb.o
                0x0000000008005594                USB_DeactivateEndpoint
 .text.USB_EPStartXfer
                0x000000000800574c      0x490 ./Drivers/STM32F4xx_HAL_Driver/Src/stm32f4xx_ll_usb.o
                0x000000000800574c                USB_EPStartXfer
 .text.USB_EP0StartXfer
                0x0000000008005bdc      0x2b0 ./Drivers/STM32F4xx_HAL_Driver/Src/stm32f4xx_ll_usb.o
                0x0000000008005bdc                USB_EP0StartXfer
 .text.USB_EPStopXfer
                0x0000000008005e8c      0x154 ./Drivers/STM32F4xx_HAL_Driver/Src/stm32f4xx_ll_usb.o
                0x0000000008005e8c                USB_EPStopXfer
 .text.USB_WritePacket
                0x0000000008005fe0       0x7c ./Drivers/STM32F4xx_HAL_Driver/Src/stm32f4xx_ll_usb.o
                0x0000000008005fe0                USB_WritePacket
 .text.USB_ReadPacket
                0x000000000800605c       0xb0 ./Drivers/STM32F4xx_HAL_Driver/Src/stm32f4xx_ll_usb.o
                0x000000000800605c                USB_ReadPacket
 .text.USB_EPSetStall
                0x000000000800610c       0xdc ./Drivers/STM32F4xx_HAL_Driver/Src/stm32f4xx_ll_usb.o
                0x000000000800610c                USB_EPSetStall
 .text.USB_EPClearStall
                0x00000000080061e8       0xcc ./Drivers/STM32F4xx_HAL_Driver/Src/stm32f4xx_ll_usb.o
                0x00000000080061e8                USB_EPClearStall
 .text.USB_SetDevAddress
                0x00000000080062b4       0x4c ./Drivers/STM32F4xx_HAL_Driver/Src/stm32f4xx_ll_usb.o
                0x00000000080062b4                USB_SetDevAddress
 .text.USB_DevConnect
                0x0000000008006300       0x42 ./Drivers/STM32F4xx_HAL_Driver/Src/stm32f4xx_ll_usb.o
                0x0000000008006300                USB_DevConnect
 .text.USB_DevDisconnect
                0x0000000008006342       0x42 ./Drivers/STM32F4xx_HAL_Driver/Src/stm32f4xx_ll_usb.o
                0x0000000008006342                USB_DevDisconnect
 .text.USB_ReadInterrupts
                0x0000000008006384       0x26 ./Drivers/STM32F4xx_HAL_Driver/Src/stm32f4xx_ll_usb.o
                0x0000000008006384                USB_ReadInterrupts
 .text.USB_ReadDevAllOutEpInterrupt
                0x00000000080063aa       0x34 ./Drivers/STM32F4xx_HAL_Driver/Src/stm32f4xx_ll_usb.o
                0x00000000080063aa                USB_ReadDevAllOutEpInterrupt
 .text.USB_ReadDevAllInEpInterrupt
                0x00000000080063de       0x34 ./Drivers/STM32F4xx_HAL_Driver/Src/stm32f4xx_ll_usb.o
                0x00000000080063de                USB_ReadDevAllInEpInterrupt
 .text.USB_ReadDevOutEPInterrupt
                0x0000000008006412       0x3c ./Drivers/STM32F4xx_HAL_Driver/Src/stm32f4xx_ll_usb.o
                0x0000000008006412                USB_ReadDevOutEPInterrupt
 .text.USB_ReadDevInEPInterrupt
                0x000000000800644e       0x5c ./Drivers/STM32F4xx_HAL_Driver/Src/stm32f4xx_ll_usb.o
                0x000000000800644e                USB_ReadDevInEPInterrupt
 .text.USB_GetMode
                0x00000000080064aa       0x1c ./Drivers/STM32F4xx_HAL_Driver/Src/stm32f4xx_ll_usb.o
                0x00000000080064aa                USB_GetMode
 .text.USB_ActivateSetup
                0x00000000080064c6       0x46 ./Drivers/STM32F4xx_HAL_Driver/Src/stm32f4xx_ll_usb.o
                0x00000000080064c6                USB_ActivateSetup
 .text.USB_EP0_OutStart
                0x000000000800650c       0xbc ./Drivers/STM32F4xx_HAL_Driver/Src/stm32f4xx_ll_usb.o
                0x000000000800650c                USB_EP0_OutStart
 .text.USB_CoreReset
                0x00000000080065c8       0x68 ./Drivers/STM32F4xx_HAL_Driver/Src/stm32f4xx_ll_usb.o
 .text.ssd1306_Reset
                0x0000000008006630        0xe ./Drivers/ssd1306/ssd1306.o
                0x0000000008006630                ssd1306_Reset
 *fill*         0x000000000800663e        0x2 
 .text.ssd1306_WriteCommand
                0x0000000008006640       0x30 ./Drivers/ssd1306/ssd1306.o
                0x0000000008006640                ssd1306_WriteCommand
 .text.ssd1306_WriteData
                0x0000000008006670       0x34 ./Drivers/ssd1306/ssd1306.o
                0x0000000008006670                ssd1306_WriteData
 .text.ssd1306_Init
                0x00000000080066a4       0xd4 ./Drivers/ssd1306/ssd1306.o
                0x00000000080066a4                ssd1306_Init
 .text.ssd1306_Fill
                0x0000000008006778       0x30 ./Drivers/ssd1306/ssd1306.o
                0x0000000008006778                ssd1306_Fill
 .text.ssd1306_UpdateScreen
                0x00000000080067a8       0x50 ./Drivers/ssd1306/ssd1306.o
                0x00000000080067a8                ssd1306_UpdateScreen
 .text.ssd1306_DrawPixel
                0x00000000080067f8       0xa8 ./Drivers/ssd1306/ssd1306.o
                0x00000000080067f8                ssd1306_DrawPixel
 .text.ssd1306_WriteChar
                0x00000000080068a0      0x124 ./Drivers/ssd1306/ssd1306.o
                0x00000000080068a0                ssd1306_WriteChar
 .text.ssd1306_WriteString
                0x00000000080069c4       0x4c ./Drivers/ssd1306/ssd1306.o
                0x00000000080069c4                ssd1306_WriteString
 .text.ssd1306_SetCursor
                0x0000000008006a10       0x30 ./Drivers/ssd1306/ssd1306.o
                0x0000000008006a10                ssd1306_SetCursor
 .text.ssd1306_DrawCircle
                0x0000000008006a40      0x10e ./Drivers/ssd1306/ssd1306.o
                0x0000000008006a40                ssd1306_DrawCircle
 .text.ssd1306_FillCircle
                0x0000000008006b4e       0xe6 ./Drivers/ssd1306/ssd1306.o
                0x0000000008006b4e                ssd1306_FillCircle
 .text.ssd1306_SetContrast
                0x0000000008006c34       0x26 ./Drivers/ssd1306/ssd1306.o
                0x0000000008006c34                ssd1306_SetContrast
 *fill*         0x0000000008006c5a        0x2 
 .text.ssd1306_SetDisplayOn
                0x0000000008006c5c       0x3c ./Drivers/ssd1306/ssd1306.o
                0x0000000008006c5c                ssd1306_SetDisplayOn
 .text.USBD_HID_Init
                0x0000000008006c98       0xcc ./Middlewares/ST/STM32_USB_Device_Library/Class/HID/Src/usbd_hid.o
 .text.USBD_HID_DeInit
                0x0000000008006d64       0x90 ./Middlewares/ST/STM32_USB_Device_Library/Class/HID/Src/usbd_hid.o
 .text.USBD_HID_Setup
                0x0000000008006df4      0x210 ./Middlewares/ST/STM32_USB_Device_Library/Class/HID/Src/usbd_hid.o
 .text.USBD_HID_SendReport
                0x0000000008007004       0x60 ./Middlewares/ST/STM32_USB_Device_Library/Class/HID/Src/usbd_hid.o
                0x0000000008007004                USBD_HID_SendReport
 .text.USBD_HID_GetFSCfgDesc
                0x0000000008007064       0x34 ./Middlewares/ST/STM32_USB_Device_Library/Class/HID/Src/usbd_hid.o
 .text.USBD_HID_GetHSCfgDesc
                0x0000000008007098       0x34 ./Middlewares/ST/STM32_USB_Device_Library/Class/HID/Src/usbd_hid.o
 .text.USBD_HID_GetOtherSpeedCfgDesc
                0x00000000080070cc       0x34 ./Middlewares/ST/STM32_USB_Device_Library/Class/HID/Src/usbd_hid.o
 .text.USBD_HID_DataIn
                0x0000000008007100       0x2c ./Middlewares/ST/STM32_USB_Device_Library/Class/HID/Src/usbd_hid.o
 .text.USBD_HID_GetDeviceQualifierDesc
                0x000000000800712c       0x20 ./Middlewares/ST/STM32_USB_Device_Library/Class/HID/Src/usbd_hid.o
 .text.USBD_Init
                0x000000000800714c       0x60 ./Middlewares/ST/STM32_USB_Device_Library/Core/Src/usbd_core.o
                0x000000000800714c                USBD_Init
 .text.USBD_RegisterClass
                0x00000000080071ac       0x6c ./Middlewares/ST/STM32_USB_Device_Library/Core/Src/usbd_core.o
                0x00000000080071ac                USBD_RegisterClass
 .text.USBD_Start
                0x0000000008007218       0x18 ./Middlewares/ST/STM32_USB_Device_Library/Core/Src/usbd_core.o
                0x0000000008007218                USBD_Start
 .text.USBD_RunTestMode
                0x0000000008007230       0x16 ./Middlewares/ST/STM32_USB_Device_Library/Core/Src/usbd_core.o
                0x0000000008007230                USBD_RunTestMode
 .text.USBD_SetClassConfig
                0x0000000008007246       0x38 ./Middlewares/ST/STM32_USB_Device_Library/Core/Src/usbd_core.o
                0x0000000008007246                USBD_SetClassConfig
 .text.USBD_ClrClassConfig
                0x000000000800727e       0x34 ./Middlewares/ST/STM32_USB_Device_Library/Core/Src/usbd_core.o
                0x000000000800727e                USBD_ClrClassConfig
 .text.USBD_LL_SetupStage
                0x00000000080072b2       0xaa ./Middlewares/ST/STM32_USB_Device_Library/Core/Src/usbd_core.o
                0x00000000080072b2                USBD_LL_SetupStage
 .text.USBD_LL_DataOutStage
                0x000000000800735c      0x166 ./Middlewares/ST/STM32_USB_Device_Library/Core/Src/usbd_core.o
                0x000000000800735c                USBD_LL_DataOutStage
 .text.USBD_LL_DataInStage
                0x00000000080074c2      0x164 ./Middlewares/ST/STM32_USB_Device_Library/Core/Src/usbd_core.o
                0x00000000080074c2                USBD_LL_DataInStage
 .text.USBD_LL_Reset
                0x0000000008007626       0xa4 ./Middlewares/ST/STM32_USB_Device_Library/Core/Src/usbd_core.o
                0x0000000008007626                USBD_LL_Reset
 .text.USBD_LL_SetSpeed
                0x00000000080076ca       0x20 ./Middlewares/ST/STM32_USB_Device_Library/Core/Src/usbd_core.o
                0x00000000080076ca                USBD_LL_SetSpeed
 .text.USBD_LL_Suspend
                0x00000000080076ea       0x2c ./Middlewares/ST/STM32_USB_Device_Library/Core/Src/usbd_core.o
                0x00000000080076ea                USBD_LL_Suspend
 .text.USBD_LL_Resume
                0x0000000008007716       0x30 ./Middlewares/ST/STM32_USB_Device_Library/Core/Src/usbd_core.o
                0x0000000008007716                USBD_LL_Resume
 .text.USBD_LL_SOF
                0x0000000008007746       0x40 ./Middlewares/ST/STM32_USB_Device_Library/Core/Src/usbd_core.o
                0x0000000008007746                USBD_LL_SOF
 .text.USBD_LL_IsoINIncomplete
                0x0000000008007786       0x64 ./Middlewares/ST/STM32_USB_Device_Library/Core/Src/usbd_core.o
                0x0000000008007786                USBD_LL_IsoINIncomplete
 .text.USBD_LL_IsoOUTIncomplete
                0x00000000080077ea       0x64 ./Middlewares/ST/STM32_USB_Device_Library/Core/Src/usbd_core.o
                0x00000000080077ea                USBD_LL_IsoOUTIncomplete
 .text.USBD_LL_DevConnected
                0x000000000800784e       0x16 ./Middlewares/ST/STM32_USB_Device_Library/Core/Src/usbd_core.o
                0x000000000800784e                USBD_LL_DevConnected
 .text.USBD_LL_DevDisconnected
                0x0000000008007864       0x46 ./Middlewares/ST/STM32_USB_Device_Library/Core/Src/usbd_core.o
                0x0000000008007864                USBD_LL_DevDisconnected
 .text.USBD_CoreFindIF
                0x00000000080078aa       0x1a ./Middlewares/ST/STM32_USB_Device_Library/Core/Src/usbd_core.o
                0x00000000080078aa                USBD_CoreFindIF
 .text.USBD_CoreFindEP
                0x00000000080078c4       0x1a ./Middlewares/ST/STM32_USB_Device_Library/Core/Src/usbd_core.o
                0x00000000080078c4                USBD_CoreFindEP
 .text.USBD_GetEpDesc
                0x00000000080078de       0x74 ./Middlewares/ST/STM32_USB_Device_Library/Core/Src/usbd_core.o
                0x00000000080078de                USBD_GetEpDesc
 .text.USBD_GetNextDesc
                0x0000000008007952       0x3a ./Middlewares/ST/STM32_USB_Device_Library/Core/Src/usbd_core.o
                0x0000000008007952                USBD_GetNextDesc
 .text.SWAPBYTE
                0x000000000800798c       0x3c ./Middlewares/ST/STM32_USB_Device_Library/Core/Src/usbd_ctlreq.o
 .text.USBD_StdDevReq
                0x00000000080079c8       0xe4 ./Middlewares/ST/STM32_USB_Device_Library/Core/Src/usbd_ctlreq.o
                0x00000000080079c8                USBD_StdDevReq
 .text.USBD_StdItfReq
                0x0000000008007aac       0xd8 ./Middlewares/ST/STM32_USB_Device_Library/Core/Src/usbd_ctlreq.o
                0x0000000008007aac                USBD_StdItfReq
 .text.USBD_StdEPReq
                0x0000000008007b84      0x33a ./Middlewares/ST/STM32_USB_Device_Library/Core/Src/usbd_ctlreq.o
                0x0000000008007b84                USBD_StdEPReq
 *fill*         0x0000000008007ebe        0x2 
 .text.USBD_GetDescriptor
                0x0000000008007ec0      0x2d4 ./Middlewares/ST/STM32_USB_Device_Library/Core/Src/usbd_ctlreq.o
 .text.USBD_SetAddress
                0x0000000008008194       0x88 ./Middlewares/ST/STM32_USB_Device_Library/Core/Src/usbd_ctlreq.o
 .text.USBD_SetConfig
                0x000000000800821c      0x154 ./Middlewares/ST/STM32_USB_Device_Library/Core/Src/usbd_ctlreq.o
 .text.USBD_GetConfig
                0x0000000008008370       0x6c ./Middlewares/ST/STM32_USB_Device_Library/Core/Src/usbd_ctlreq.o
 .text.USBD_GetStatus
                0x00000000080083dc       0x68 ./Middlewares/ST/STM32_USB_Device_Library/Core/Src/usbd_ctlreq.o
 .text.USBD_SetFeature
                0x0000000008008444       0x52 ./Middlewares/ST/STM32_USB_Device_Library/Core/Src/usbd_ctlreq.o
 .text.USBD_ClrFeature
                0x0000000008008496       0x44 ./Middlewares/ST/STM32_USB_Device_Library/Core/Src/usbd_ctlreq.o
 .text.USBD_ParseSetupRequest
                0x00000000080084da       0x74 ./Middlewares/ST/STM32_USB_Device_Library/Core/Src/usbd_ctlreq.o
                0x00000000080084da                USBD_ParseSetupRequest
 .text.USBD_CtlError
                0x000000000800854e       0x22 ./Middlewares/ST/STM32_USB_Device_Library/Core/Src/usbd_ctlreq.o
                0x000000000800854e                USBD_CtlError
 .text.USBD_GetString
                0x0000000008008570       0x8c ./Middlewares/ST/STM32_USB_Device_Library/Core/Src/usbd_ctlreq.o
                0x0000000008008570                USBD_GetString
 .text.USBD_GetLen
                0x00000000080085fc       0x34 ./Middlewares/ST/STM32_USB_Device_Library/Core/Src/usbd_ctlreq.o
 .text.USBD_CtlSendData
                0x0000000008008630       0x36 ./Middlewares/ST/STM32_USB_Device_Library/Core/Src/usbd_ioreq.o
                0x0000000008008630                USBD_CtlSendData
 .text.USBD_CtlContinueSendData
                0x0000000008008666       0x22 ./Middlewares/ST/STM32_USB_Device_Library/Core/Src/usbd_ioreq.o
                0x0000000008008666                USBD_CtlContinueSendData
 .text.USBD_CtlContinueRx
                0x0000000008008688       0x22 ./Middlewares/ST/STM32_USB_Device_Library/Core/Src/usbd_ioreq.o
                0x0000000008008688                USBD_CtlContinueRx
 .text.USBD_CtlSendStatus
                0x00000000080086aa       0x26 ./Middlewares/ST/STM32_USB_Device_Library/Core/Src/usbd_ioreq.o
                0x00000000080086aa                USBD_CtlSendStatus
 .text.USBD_CtlReceiveStatus
                0x00000000080086d0       0x26 ./Middlewares/ST/STM32_USB_Device_Library/Core/Src/usbd_ioreq.o
                0x00000000080086d0                USBD_CtlReceiveStatus
 *fill*         0x00000000080086f6        0x2 
 .text.MX_USB_DEVICE_Init
                0x00000000080086f8       0x4c ./USB_DEVICE/App/usb_device.o
                0x00000000080086f8                MX_USB_DEVICE_Init
 .text.USBD_FS_DeviceDescriptor
                0x0000000008008744       0x24 ./USB_DEVICE/App/usbd_desc.o
                0x0000000008008744                USBD_FS_DeviceDescriptor
 .text.USBD_FS_LangIDStrDescriptor
                0x0000000008008768       0x24 ./USB_DEVICE/App/usbd_desc.o
                0x0000000008008768                USBD_FS_LangIDStrDescriptor
 .text.USBD_FS_ProductStrDescriptor
                0x000000000800878c       0x3c ./USB_DEVICE/App/usbd_desc.o
                0x000000000800878c                USBD_FS_ProductStrDescriptor
 .text.USBD_FS_ManufacturerStrDescriptor
                0x00000000080087c8       0x28 ./USB_DEVICE/App/usbd_desc.o
                0x00000000080087c8                USBD_FS_ManufacturerStrDescriptor
 .text.USBD_FS_SerialStrDescriptor
                0x00000000080087f0       0x24 ./USB_DEVICE/App/usbd_desc.o
                0x00000000080087f0                USBD_FS_SerialStrDescriptor
 .text.USBD_FS_ConfigStrDescriptor
                0x0000000008008814       0x3c ./USB_DEVICE/App/usbd_desc.o
                0x0000000008008814                USBD_FS_ConfigStrDescriptor
 .text.USBD_FS_InterfaceStrDescriptor
                0x0000000008008850       0x3c ./USB_DEVICE/App/usbd_desc.o
                0x0000000008008850                USBD_FS_InterfaceStrDescriptor
 .text.Get_SerialNum
                0x000000000800888c       0x58 ./USB_DEVICE/App/usbd_desc.o
 .text.IntToUnicode
                0x00000000080088e4       0x7e ./USB_DEVICE/App/usbd_desc.o
 *fill*         0x0000000008008962        0x2 
 .text.HAL_PCD_MspInit
                0x0000000008008964       0xd4 ./USB_DEVICE/Target/usbd_conf.o
                0x0000000008008964                HAL_PCD_MspInit
 .text.HAL_PCD_SetupStageCallback
                0x0000000008008a38       0x24 ./USB_DEVICE/Target/usbd_conf.o
                0x0000000008008a38                HAL_PCD_SetupStageCallback
 .text.HAL_PCD_DataOutStageCallback
                0x0000000008008a5c       0x36 ./USB_DEVICE/Target/usbd_conf.o
                0x0000000008008a5c                HAL_PCD_DataOutStageCallback
 .text.HAL_PCD_DataInStageCallback
                0x0000000008008a92       0x34 ./USB_DEVICE/Target/usbd_conf.o
                0x0000000008008a92                HAL_PCD_DataInStageCallback
 .text.HAL_PCD_SOFCallback
                0x0000000008008ac6       0x1c ./USB_DEVICE/Target/usbd_conf.o
                0x0000000008008ac6                HAL_PCD_SOFCallback
 .text.HAL_PCD_ResetCallback
                0x0000000008008ae2       0x50 ./USB_DEVICE/Target/usbd_conf.o
                0x0000000008008ae2                HAL_PCD_ResetCallback
 *fill*         0x0000000008008b32        0x2 
 .text.HAL_PCD_SuspendCallback
                0x0000000008008b34       0x4c ./USB_DEVICE/Target/usbd_conf.o
                0x0000000008008b34                HAL_PCD_SuspendCallback
 .text.HAL_PCD_ResumeCallback
                0x0000000008008b80       0x1c ./USB_DEVICE/Target/usbd_conf.o
                0x0000000008008b80                HAL_PCD_ResumeCallback
 .text.HAL_PCD_ISOOUTIncompleteCallback
                0x0000000008008b9c       0x24 ./USB_DEVICE/Target/usbd_conf.o
                0x0000000008008b9c                HAL_PCD_ISOOUTIncompleteCallback
 .text.HAL_PCD_ISOINIncompleteCallback
                0x0000000008008bc0       0x24 ./USB_DEVICE/Target/usbd_conf.o
                0x0000000008008bc0                HAL_PCD_ISOINIncompleteCallback
 .text.HAL_PCD_ConnectCallback
                0x0000000008008be4       0x1c ./USB_DEVICE/Target/usbd_conf.o
                0x0000000008008be4                HAL_PCD_ConnectCallback
 .text.HAL_PCD_DisconnectCallback
                0x0000000008008c00       0x1c ./USB_DEVICE/Target/usbd_conf.o
                0x0000000008008c00                HAL_PCD_DisconnectCallback
 .text.USBD_LL_Init
                0x0000000008008c1c       0x98 ./USB_DEVICE/Target/usbd_conf.o
                0x0000000008008c1c                USBD_LL_Init
 .text.USBD_LL_Start
                0x0000000008008cb4       0x36 ./USB_DEVICE/Target/usbd_conf.o
                0x0000000008008cb4                USBD_LL_Start
 .text.USBD_LL_OpenEP
                0x0000000008008cea       0x4c ./USB_DEVICE/Target/usbd_conf.o
                0x0000000008008cea                USBD_LL_OpenEP
 .text.USBD_LL_CloseEP
                0x0000000008008d36       0x3e ./USB_DEVICE/Target/usbd_conf.o
                0x0000000008008d36                USBD_LL_CloseEP
 .text.USBD_LL_StallEP
                0x0000000008008d74       0x3e ./USB_DEVICE/Target/usbd_conf.o
                0x0000000008008d74                USBD_LL_StallEP
 .text.USBD_LL_ClearStallEP
                0x0000000008008db2       0x3e ./USB_DEVICE/Target/usbd_conf.o
                0x0000000008008db2                USBD_LL_ClearStallEP
 .text.USBD_LL_IsStallEP
                0x0000000008008df0       0x58 ./USB_DEVICE/Target/usbd_conf.o
                0x0000000008008df0                USBD_LL_IsStallEP
 .text.USBD_LL_SetUSBAddress
                0x0000000008008e48       0x3e ./USB_DEVICE/Target/usbd_conf.o
                0x0000000008008e48                USBD_LL_SetUSBAddress
 .text.USBD_LL_Transmit
                0x0000000008008e86       0x42 ./USB_DEVICE/Target/usbd_conf.o
                0x0000000008008e86                USBD_LL_Transmit
 .text.USBD_LL_PrepareReceive
                0x0000000008008ec8       0x42 ./USB_DEVICE/Target/usbd_conf.o
                0x0000000008008ec8                USBD_LL_PrepareReceive
 *fill*         0x0000000008008f0a        0x2 
 .text.HAL_PCDEx_LPM_Callback
                0x0000000008008f0c       0x9c ./USB_DEVICE/Target/usbd_conf.o
                0x0000000008008f0c                HAL_PCDEx_LPM_Callback
 .text.USBD_static_malloc
                0x0000000008008fa8       0x1c ./USB_DEVICE/Target/usbd_conf.o
                0x0000000008008fa8                USBD_static_malloc
 .text.USBD_static_free
                0x0000000008008fc4       0x14 ./USB_DEVICE/Target/usbd_conf.o
                0x0000000008008fc4                USBD_static_free
 .text.USBD_Get_USB_Status
                0x0000000008008fd8       0x58 ./USB_DEVICE/Target/usbd_conf.o
                0x0000000008008fd8                USBD_Get_USB_Status
 .text.__libc_init_array
                0x0000000008009030       0x48 c:/st/stm32cubeide_1.10.1/stm32cubeide/plugins/com.st.stm32cube.ide.mcu.externaltools.gnu-tools-for-stm32.10.3-2021.10.win32_1.0.0.202111181127/tools/bin/../lib/gcc/arm-none-eabi/10.3.1/../../../../arm-none-eabi/lib/thumb/v7e-m+fp/hard\libc_nano.a(lib_a-init.o)
                0x0000000008009030                __libc_init_array
 .text.memset   0x0000000008009078       0x10 c:/st/stm32cubeide_1.10.1/stm32cubeide/plugins/com.st.stm32cube.ide.mcu.externaltools.gnu-tools-for-stm32.10.3-2021.10.win32_1.0.0.202111181127/tools/bin/../lib/gcc/arm-none-eabi/10.3.1/../../../../arm-none-eabi/lib/thumb/v7e-m+fp/hard\libc_nano.a(lib_a-memset.o)
                0x0000000008009078                memset
 *(.glue_7)
 .glue_7        0x0000000008009088        0x0 linker stubs
 *(.glue_7t)
 .glue_7t       0x0000000008009088        0x0 linker stubs
 *(.eh_frame)
 .eh_frame      0x0000000008009088        0x0 c:/st/stm32cubeide_1.10.1/stm32cubeide/plugins/com.st.stm32cube.ide.mcu.externaltools.gnu-tools-for-stm32.10.3-2021.10.win32_1.0.0.202111181127/tools/bin/../lib/gcc/arm-none-eabi/10.3.1/thumb/v7e-m+fp/hard/crtbegin.o
 *(.init)
 .init          0x0000000008009088        0x4 c:/st/stm32cubeide_1.10.1/stm32cubeide/plugins/com.st.stm32cube.ide.mcu.externaltools.gnu-tools-for-stm32.10.3-2021.10.win32_1.0.0.202111181127/tools/bin/../lib/gcc/arm-none-eabi/10.3.1/thumb/v7e-m+fp/hard/crti.o
                0x0000000008009088                _init
 .init          0x000000000800908c        0x8 c:/st/stm32cubeide_1.10.1/stm32cubeide/plugins/com.st.stm32cube.ide.mcu.externaltools.gnu-tools-for-stm32.10.3-2021.10.win32_1.0.0.202111181127/tools/bin/../lib/gcc/arm-none-eabi/10.3.1/thumb/v7e-m+fp/hard/crtn.o
 *(.fini)
 .fini          0x0000000008009094        0x4 c:/st/stm32cubeide_1.10.1/stm32cubeide/plugins/com.st.stm32cube.ide.mcu.externaltools.gnu-tools-for-stm32.10.3-2021.10.win32_1.0.0.202111181127/tools/bin/../lib/gcc/arm-none-eabi/10.3.1/thumb/v7e-m+fp/hard/crti.o
                0x0000000008009094                _fini
 .fini          0x0000000008009098        0x8 c:/st/stm32cubeide_1.10.1/stm32cubeide/plugins/com.st.stm32cube.ide.mcu.externaltools.gnu-tools-for-stm32.10.3-2021.10.win32_1.0.0.202111181127/tools/bin/../lib/gcc/arm-none-eabi/10.3.1/thumb/v7e-m+fp/hard/crtn.o
                0x00000000080090a0                . = ALIGN (0x4)
                0x00000000080090a0                _etext = .

.vfp11_veneer   0x00000000080090a0        0x0
 .vfp11_veneer  0x00000000080090a0        0x0 linker stubs

.v4_bx          0x00000000080090a0        0x0
 .v4_bx         0x00000000080090a0        0x0 linker stubs

.iplt           0x00000000080090a0        0x0
 .iplt          0x00000000080090a0        0x0 c:/st/stm32cubeide_1.10.1/stm32cubeide/plugins/com.st.stm32cube.ide.mcu.externaltools.gnu-tools-for-stm32.10.3-2021.10.win32_1.0.0.202111181127/tools/bin/../lib/gcc/arm-none-eabi/10.3.1/thumb/v7e-m+fp/hard/crtbegin.o

.rodata         0x00000000080090a0      0x7e0
                0x00000000080090a0                . = ALIGN (0x4)
 *(.rodata)
 .rodata        0x00000000080090a0        0xd ./Core/Src/main.o
 *fill*         0x00000000080090ad        0x3 
 .rodata        0x00000000080090b0       0x3e ./USB_DEVICE/App/usbd_desc.o
 *(.rodata*)
 *fill*         0x00000000080090ee        0x2 
 .rodata.AHBPrescTable
                0x00000000080090f0       0x10 ./Core/Src/system_stm32f4xx.o
                0x00000000080090f0                AHBPrescTable
 .rodata.APBPrescTable
                0x0000000008009100        0x8 ./Core/Src/system_stm32f4xx.o
                0x0000000008009100                APBPrescTable
 .rodata.Font7x10
                0x0000000008009108      0x76c ./Drivers/ssd1306/ssd1306_fonts.o
 .rodata.Font_7x10
                0x0000000008009874        0xc ./Drivers/ssd1306/ssd1306_fonts.o
                0x0000000008009874                Font_7x10
                0x0000000008009880                . = ALIGN (0x4)

.ARM.extab      0x0000000008009880        0x0
                0x0000000008009880                . = ALIGN (0x4)
 *(.ARM.extab* .gnu.linkonce.armextab.*)
                0x0000000008009880                . = ALIGN (0x4)

.ARM            0x0000000008009880        0x8
                0x0000000008009880                . = ALIGN (0x4)
                0x0000000008009880                __exidx_start = .
 *(.ARM.exidx*)
 .ARM.exidx     0x0000000008009880        0x8 c:/st/stm32cubeide_1.10.1/stm32cubeide/plugins/com.st.stm32cube.ide.mcu.externaltools.gnu-tools-for-stm32.10.3-2021.10.win32_1.0.0.202111181127/tools/bin/../lib/gcc/arm-none-eabi/10.3.1/thumb/v7e-m+fp/hard\libgcc.a(_udivmoddi4.o)
                0x0000000008009888                __exidx_end = .
                0x0000000008009888                . = ALIGN (0x4)

.rel.dyn        0x0000000008009888        0x0
 .rel.iplt      0x0000000008009888        0x0 c:/st/stm32cubeide_1.10.1/stm32cubeide/plugins/com.st.stm32cube.ide.mcu.externaltools.gnu-tools-for-stm32.10.3-2021.10.win32_1.0.0.202111181127/tools/bin/../lib/gcc/arm-none-eabi/10.3.1/thumb/v7e-m+fp/hard/crtbegin.o

.preinit_array  0x0000000008009888        0x0
                0x0000000008009888                . = ALIGN (0x4)
                0x0000000008009888                PROVIDE (__preinit_array_start = .)
 *(.preinit_array*)
                0x0000000008009888                PROVIDE (__preinit_array_end = .)
                0x0000000008009888                . = ALIGN (0x4)

.init_array     0x0000000008009888        0x4
                0x0000000008009888                . = ALIGN (0x4)
                0x0000000008009888                PROVIDE (__init_array_start = .)
 *(SORT_BY_NAME(.init_array.*))
 *(.init_array*)
 .init_array    0x0000000008009888        0x4 c:/st/stm32cubeide_1.10.1/stm32cubeide/plugins/com.st.stm32cube.ide.mcu.externaltools.gnu-tools-for-stm32.10.3-2021.10.win32_1.0.0.202111181127/tools/bin/../lib/gcc/arm-none-eabi/10.3.1/thumb/v7e-m+fp/hard/crtbegin.o
                0x000000000800988c                PROVIDE (__init_array_end = .)
                0x000000000800988c                . = ALIGN (0x4)

.fini_array     0x000000000800988c        0x4
                0x000000000800988c                . = ALIGN (0x4)
                [!provide]                        PROVIDE (__fini_array_start = .)
 *(SORT_BY_NAME(.fini_array.*))
 *(.fini_array*)
 .fini_array    0x000000000800988c        0x4 c:/st/stm32cubeide_1.10.1/stm32cubeide/plugins/com.st.stm32cube.ide.mcu.externaltools.gnu-tools-for-stm32.10.3-2021.10.win32_1.0.0.202111181127/tools/bin/../lib/gcc/arm-none-eabi/10.3.1/thumb/v7e-m+fp/hard/crtbegin.o
                [!provide]                        PROVIDE (__fini_array_end = .)
                0x0000000008009890                . = ALIGN (0x4)
                0x0000000008009890                _sidata = LOADADDR (.data)

.data           0x0000000020000000       0xfc load address 0x0000000008009890
                0x0000000020000000                . = ALIGN (0x4)
                0x0000000020000000                _sdata = .
 *(.data)
 *(.data*)
 .data.SystemCoreClock
                0x0000000020000000        0x4 ./Core/Src/system_stm32f4xx.o
                0x0000000020000000                SystemCoreClock
 .data.uwTickPrio
                0x0000000020000004        0x4 ./Drivers/STM32F4xx_HAL_Driver/Src/stm32f4xx_hal.o
                0x0000000020000004                uwTickPrio
 .data.uwTickFreq
                0x0000000020000008        0x1 ./Drivers/STM32F4xx_HAL_Driver/Src/stm32f4xx_hal.o
                0x0000000020000008                uwTickFreq
 *fill*         0x0000000020000009        0x3 
 .data.USBD_HID
                0x000000002000000c       0x38 ./Middlewares/ST/STM32_USB_Device_Library/Class/HID/Src/usbd_hid.o
                0x000000002000000c                USBD_HID
 .data.USBD_HID_CfgDesc
                0x0000000020000044       0x22 ./Middlewares/ST/STM32_USB_Device_Library/Class/HID/Src/usbd_hid.o
 *fill*         0x0000000020000066        0x2 
 .data.USBD_HID_Desc
                0x0000000020000068        0x9 ./Middlewares/ST/STM32_USB_Device_Library/Class/HID/Src/usbd_hid.o
 *fill*         0x0000000020000071        0x3 
 .data.USBD_HID_DeviceQualifierDesc
                0x0000000020000074        0xa ./Middlewares/ST/STM32_USB_Device_Library/Class/HID/Src/usbd_hid.o
 *fill*         0x000000002000007e        0x2 
 .data.HID_MOUSE_ReportDesc
                0x0000000020000080       0x29 ./Middlewares/ST/STM32_USB_Device_Library/Class/HID/Src/usbd_hid.o
 .data.HIDInEpAdd
                0x00000000200000a9        0x1 ./Middlewares/ST/STM32_USB_Device_Library/Class/HID/Src/usbd_hid.o
 *fill*         0x00000000200000aa        0x2 
 .data.FS_Desc  0x00000000200000ac       0x1c ./USB_DEVICE/App/usbd_desc.o
                0x00000000200000ac                FS_Desc
 .data.USBD_FS_DeviceDesc
                0x00000000200000c8       0x12 ./USB_DEVICE/App/usbd_desc.o
                0x00000000200000c8                USBD_FS_DeviceDesc
 *fill*         0x00000000200000da        0x2 
 .data.USBD_LangIDDesc
                0x00000000200000dc        0x4 ./USB_DEVICE/App/usbd_desc.o
                0x00000000200000dc                USBD_LangIDDesc
 .data.USBD_StringSerial
                0x00000000200000e0       0x1a ./USB_DEVICE/App/usbd_desc.o
                0x00000000200000e0                USBD_StringSerial
 *(.RamFunc)
 *(.RamFunc*)
                0x00000000200000fc                . = ALIGN (0x4)
 *fill*         0x00000000200000fa        0x2 
                0x00000000200000fc                _edata = .

.igot.plt       0x00000000200000fc        0x0 load address 0x000000000800998c
 .igot.plt      0x00000000200000fc        0x0 c:/st/stm32cubeide_1.10.1/stm32cubeide/plugins/com.st.stm32cube.ide.mcu.externaltools.gnu-tools-for-stm32.10.3-2021.10.win32_1.0.0.202111181127/tools/bin/../lib/gcc/arm-none-eabi/10.3.1/thumb/v7e-m+fp/hard/crtbegin.o
                0x00000000200000fc                . = ALIGN (0x4)

.bss            0x00000000200000fc      0xecc load address 0x000000000800998c
                0x00000000200000fc                _sbss = .
                0x00000000200000fc                __bss_start__ = _sbss
 *(.bss)
 .bss           0x00000000200000fc       0x1c c:/st/stm32cubeide_1.10.1/stm32cubeide/plugins/com.st.stm32cube.ide.mcu.externaltools.gnu-tools-for-stm32.10.3-2021.10.win32_1.0.0.202111181127/tools/bin/../lib/gcc/arm-none-eabi/10.3.1/thumb/v7e-m+fp/hard/crtbegin.o
 *(.bss*)
 .bss.hcrc      0x0000000020000118        0x8 ./Core/Src/main.o
                0x0000000020000118                hcrc
 .bss.hi2c3     0x0000000020000120       0x54 ./Core/Src/main.o
                0x0000000020000120                hi2c3
 .bss.huart6    0x0000000020000174       0x44 ./Core/Src/main.o
                0x0000000020000174                huart6
 .bss.report_data
                0x00000000200001b8        0x3 ./Core/Src/main.o
                0x00000000200001b8                report_data
 *fill*         0x00000000200001bb        0x1 
 .bss.buttons_state
                0x00000000200001bc        0x2 ./Core/Src/main.o
                0x00000000200001bc                buttons_state
 .bss.dpad_state
                0x00000000200001be        0x1 ./Core/Src/main.o
                0x00000000200001be                dpad_state
 *fill*         0x00000000200001bf        0x1 
 .bss.uwTick    0x00000000200001c0        0x4 ./Drivers/STM32F4xx_HAL_Driver/Src/stm32f4xx_hal.o
                0x00000000200001c0                uwTick
 .bss.SSD1306_Buffer
                0x00000000200001c4      0x400 ./Drivers/ssd1306/ssd1306.o
 .bss.SSD1306   0x00000000200005c4        0x6 ./Drivers/ssd1306/ssd1306.o
 .bss.cfgidx.0  0x00000000200005ca        0x1 ./Middlewares/ST/STM32_USB_Device_Library/Core/Src/usbd_ctlreq.o
 *fill*         0x00000000200005cb        0x1 
 .bss.hUsbDeviceFS
                0x00000000200005cc      0x2dc ./USB_DEVICE/App/usb_device.o
                0x00000000200005cc                hUsbDeviceFS
 .bss.USBD_StrDesc
                0x00000000200008a8      0x200 ./USB_DEVICE/App/usbd_desc.o
                0x00000000200008a8                USBD_StrDesc
 .bss.hpcd_USB_OTG_FS
                0x0000000020000aa8      0x50c ./USB_DEVICE/Target/usbd_conf.o
                0x0000000020000aa8                hpcd_USB_OTG_FS
 .bss.mem.0     0x0000000020000fb4       0x14 ./USB_DEVICE/Target/usbd_conf.o
 *(COMMON)
                0x0000000020000fc8                . = ALIGN (0x4)
                0x0000000020000fc8                _ebss = .
                0x0000000020000fc8                __bss_end__ = _ebss

._user_heap_stack
                0x0000000020000fc8      0x600 load address 0x000000000800998c
                0x0000000020000fc8                . = ALIGN (0x8)
                [!provide]                        PROVIDE (end = .)
                0x0000000020000fc8                PROVIDE (_end = .)
                0x00000000200011c8                . = (. + _Min_Heap_Size)
 *fill*         0x0000000020000fc8      0x200 
                0x00000000200015c8                . = (. + _Min_Stack_Size)
 *fill*         0x00000000200011c8      0x400 
                0x00000000200015c8                . = ALIGN (0x8)

/DISCARD/
 libc.a(*)
 libm.a(*)
 libgcc.a(*)

.ARM.attributes
                0x0000000000000000       0x30
 *(.ARM.attributes)
 .ARM.attributes
                0x0000000000000000       0x1e c:/st/stm32cubeide_1.10.1/stm32cubeide/plugins/com.st.stm32cube.ide.mcu.externaltools.gnu-tools-for-stm32.10.3-2021.10.win32_1.0.0.202111181127/tools/bin/../lib/gcc/arm-none-eabi/10.3.1/thumb/v7e-m+fp/hard/crti.o
 .ARM.attributes
                0x000000000000001e       0x34 c:/st/stm32cubeide_1.10.1/stm32cubeide/plugins/com.st.stm32cube.ide.mcu.externaltools.gnu-tools-for-stm32.10.3-2021.10.win32_1.0.0.202111181127/tools/bin/../lib/gcc/arm-none-eabi/10.3.1/thumb/v7e-m+fp/hard/crtbegin.o
 .ARM.attributes
                0x0000000000000052       0x34 ./Core/Src/main.o
 .ARM.attributes
                0x0000000000000086       0x34 ./Core/Src/stm32f4xx_hal_msp.o
 .ARM.attributes
                0x00000000000000ba       0x34 ./Core/Src/stm32f4xx_it.o
 .ARM.attributes
                0x00000000000000ee       0x34 ./Core/Src/system_stm32f4xx.o
 .ARM.attributes
                0x0000000000000122       0x21 ./Core/Startup/startup_stm32f446rctx.o
 .ARM.attributes
                0x0000000000000143       0x34 ./Drivers/STM32F4xx_HAL_Driver/Src/stm32f4xx_hal.o
 .ARM.attributes
                0x0000000000000177       0x34 ./Drivers/STM32F4xx_HAL_Driver/Src/stm32f4xx_hal_cortex.o
 .ARM.attributes
                0x00000000000001ab       0x34 ./Drivers/STM32F4xx_HAL_Driver/Src/stm32f4xx_hal_crc.o
 .ARM.attributes
                0x00000000000001df       0x34 ./Drivers/STM32F4xx_HAL_Driver/Src/stm32f4xx_hal_gpio.o
 .ARM.attributes
                0x0000000000000213       0x34 ./Drivers/STM32F4xx_HAL_Driver/Src/stm32f4xx_hal_i2c.o
 .ARM.attributes
                0x0000000000000247       0x34 ./Drivers/STM32F4xx_HAL_Driver/Src/stm32f4xx_hal_pcd.o
 .ARM.attributes
                0x000000000000027b       0x34 ./Drivers/STM32F4xx_HAL_Driver/Src/stm32f4xx_hal_pcd_ex.o
 .ARM.attributes
                0x00000000000002af       0x34 ./Drivers/STM32F4xx_HAL_Driver/Src/stm32f4xx_hal_rcc.o
 .ARM.attributes
                0x00000000000002e3       0x34 ./Drivers/STM32F4xx_HAL_Driver/Src/stm32f4xx_hal_rcc_ex.o
 .ARM.attributes
                0x0000000000000317       0x34 ./Drivers/STM32F4xx_HAL_Driver/Src/stm32f4xx_hal_uart.o
 .ARM.attributes
                0x000000000000034b       0x34 ./Drivers/STM32F4xx_HAL_Driver/Src/stm32f4xx_ll_usb.o
 .ARM.attributes
                0x000000000000037f       0x34 ./Drivers/ssd1306/ssd1306.o
 .ARM.attributes
                0x00000000000003b3       0x34 ./Drivers/ssd1306/ssd1306_fonts.o
 .ARM.attributes
                0x00000000000003e7       0x34 ./Middlewares/ST/STM32_USB_Device_Library/Class/HID/Src/usbd_hid.o
 .ARM.attributes
                0x000000000000041b       0x34 ./Middlewares/ST/STM32_USB_Device_Library/Core/Src/usbd_core.o
 .ARM.attributes
                0x000000000000044f       0x34 ./Middlewares/ST/STM32_USB_Device_Library/Core/Src/usbd_ctlreq.o
 .ARM.attributes
                0x0000000000000483       0x34 ./Middlewares/ST/STM32_USB_Device_Library/Core/Src/usbd_ioreq.o
 .ARM.attributes
                0x00000000000004b7       0x34 ./USB_DEVICE/App/usb_device.o
 .ARM.attributes
                0x00000000000004eb       0x34 ./USB_DEVICE/App/usbd_desc.o
 .ARM.attributes
                0x000000000000051f       0x34 ./USB_DEVICE/Target/usbd_conf.o
 .ARM.attributes
                0x0000000000000553       0x34 c:/st/stm32cubeide_1.10.1/stm32cubeide/plugins/com.st.stm32cube.ide.mcu.externaltools.gnu-tools-for-stm32.10.3-2021.10.win32_1.0.0.202111181127/tools/bin/../lib/gcc/arm-none-eabi/10.3.1/../../../../arm-none-eabi/lib/thumb/v7e-m+fp/hard\libc_nano.a(lib_a-init.o)
 .ARM.attributes
                0x0000000000000587       0x34 c:/st/stm32cubeide_1.10.1/stm32cubeide/plugins/com.st.stm32cube.ide.mcu.externaltools.gnu-tools-for-stm32.10.3-2021.10.win32_1.0.0.202111181127/tools/bin/../lib/gcc/arm-none-eabi/10.3.1/../../../../arm-none-eabi/lib/thumb/v7e-m+fp/hard\libc_nano.a(lib_a-memset.o)
 .ARM.attributes
                0x00000000000005bb       0x1e c:/st/stm32cubeide_1.10.1/stm32cubeide/plugins/com.st.stm32cube.ide.mcu.externaltools.gnu-tools-for-stm32.10.3-2021.10.win32_1.0.0.202111181127/tools/bin/../lib/gcc/arm-none-eabi/10.3.1/thumb/v7e-m+fp/hard\libgcc.a(_aeabi_uldivmod.o)
 .ARM.attributes
                0x00000000000005d9       0x34 c:/st/stm32cubeide_1.10.1/stm32cubeide/plugins/com.st.stm32cube.ide.mcu.externaltools.gnu-tools-for-stm32.10.3-2021.10.win32_1.0.0.202111181127/tools/bin/../lib/gcc/arm-none-eabi/10.3.1/thumb/v7e-m+fp/hard\libgcc.a(_udivmoddi4.o)
 .ARM.attributes
                0x000000000000060d       0x1e c:/st/stm32cubeide_1.10.1/stm32cubeide/plugins/com.st.stm32cube.ide.mcu.externaltools.gnu-tools-for-stm32.10.3-2021.10.win32_1.0.0.202111181127/tools/bin/../lib/gcc/arm-none-eabi/10.3.1/thumb/v7e-m+fp/hard\libgcc.a(_dvmd_tls.o)
 .ARM.attributes
                0x000000000000062b       0x1e c:/st/stm32cubeide_1.10.1/stm32cubeide/plugins/com.st.stm32cube.ide.mcu.externaltools.gnu-tools-for-stm32.10.3-2021.10.win32_1.0.0.202111181127/tools/bin/../lib/gcc/arm-none-eabi/10.3.1/thumb/v7e-m+fp/hard/crtn.o
OUTPUT(keyboxEAZY.elf elf32-littlearm)
LOAD linker stubs
LOAD c:/st/stm32cubeide_1.10.1/stm32cubeide/plugins/com.st.stm32cube.ide.mcu.externaltools.gnu-tools-for-stm32.10.3-2021.10.win32_1.0.0.202111181127/tools/bin/../lib/gcc/arm-none-eabi/10.3.1/../../../../arm-none-eabi/lib/thumb/v7e-m+fp/hard\libc.a
LOAD c:/st/stm32cubeide_1.10.1/stm32cubeide/plugins/com.st.stm32cube.ide.mcu.externaltools.gnu-tools-for-stm32.10.3-2021.10.win32_1.0.0.202111181127/tools/bin/../lib/gcc/arm-none-eabi/10.3.1/../../../../arm-none-eabi/lib/thumb/v7e-m+fp/hard\libm.a
LOAD c:/st/stm32cubeide_1.10.1/stm32cubeide/plugins/com.st.stm32cube.ide.mcu.externaltools.gnu-tools-for-stm32.10.3-2021.10.win32_1.0.0.202111181127/tools/bin/../lib/gcc/arm-none-eabi/10.3.1/thumb/v7e-m+fp/hard\libgcc.a

.debug_info     0x0000000000000000    0x16977
 .debug_info    0x0000000000000000     0x191c ./Core/Src/main.o
 .debug_info    0x000000000000191c      0xe58 ./Core/Src/stm32f4xx_hal_msp.o
 .debug_info    0x0000000000002774      0x6b4 ./Core/Src/stm32f4xx_it.o
 .debug_info    0x0000000000002e28      0x55b ./Core/Src/system_stm32f4xx.o
 .debug_info    0x0000000000003383       0x22 ./Core/Startup/startup_stm32f446rctx.o
 .debug_info    0x00000000000033a5      0x9d2 ./Drivers/STM32F4xx_HAL_Driver/Src/stm32f4xx_hal.o
 .debug_info    0x0000000000003d77      0xe39 ./Drivers/STM32F4xx_HAL_Driver/Src/stm32f4xx_hal_cortex.o
 .debug_info    0x0000000000004bb0      0x3a6 ./Drivers/STM32F4xx_HAL_Driver/Src/stm32f4xx_hal_crc.o
 .debug_info    0x0000000000004f56      0x7be ./Drivers/STM32F4xx_HAL_Driver/Src/stm32f4xx_hal_gpio.o
 .debug_info    0x0000000000005714     0x2617 ./Drivers/STM32F4xx_HAL_Driver/Src/stm32f4xx_hal_i2c.o
 .debug_info    0x0000000000007d2b     0x170f ./Drivers/STM32F4xx_HAL_Driver/Src/stm32f4xx_hal_pcd.o
 .debug_info    0x000000000000943a      0x7f3 ./Drivers/STM32F4xx_HAL_Driver/Src/stm32f4xx_hal_pcd_ex.o
 .debug_info    0x0000000000009c2d      0x9ab ./Drivers/STM32F4xx_HAL_Driver/Src/stm32f4xx_hal_rcc.o
 .debug_info    0x000000000000a5d8      0x9ec ./Drivers/STM32F4xx_HAL_Driver/Src/stm32f4xx_hal_rcc_ex.o
 .debug_info    0x000000000000afc4     0x31bc ./Drivers/STM32F4xx_HAL_Driver/Src/stm32f4xx_hal_uart.o
 .debug_info    0x000000000000e180     0x1afb ./Drivers/STM32F4xx_HAL_Driver/Src/stm32f4xx_ll_usb.o
 .debug_info    0x000000000000fc7b     0x1376 ./Drivers/ssd1306/ssd1306.o
 .debug_info    0x0000000000010ff1      0x151 ./Drivers/ssd1306/ssd1306_fonts.o
 .debug_info    0x0000000000011142      0xb0b ./Middlewares/ST/STM32_USB_Device_Library/Class/HID/Src/usbd_hid.o
 .debug_info    0x0000000000011c4d      0xee7 ./Middlewares/ST/STM32_USB_Device_Library/Core/Src/usbd_core.o
 .debug_info    0x0000000000012b34      0xb7f ./Middlewares/ST/STM32_USB_Device_Library/Core/Src/usbd_ctlreq.o
 .debug_info    0x00000000000136b3      0x7da ./Middlewares/ST/STM32_USB_Device_Library/Core/Src/usbd_ioreq.o
 .debug_info    0x0000000000013e8d      0x669 ./USB_DEVICE/App/usb_device.o
 .debug_info    0x00000000000144f6      0x498 ./USB_DEVICE/App/usbd_desc.o
 .debug_info    0x000000000001498e     0x1fe9 ./USB_DEVICE/Target/usbd_conf.o

.debug_abbrev   0x0000000000000000     0x34ff
 .debug_abbrev  0x0000000000000000      0x34e ./Core/Src/main.o
 .debug_abbrev  0x000000000000034e      0x1b7 ./Core/Src/stm32f4xx_hal_msp.o
 .debug_abbrev  0x0000000000000505      0x199 ./Core/Src/stm32f4xx_it.o
 .debug_abbrev  0x000000000000069e      0x116 ./Core/Src/system_stm32f4xx.o
 .debug_abbrev  0x00000000000007b4       0x12 ./Core/Startup/startup_stm32f446rctx.o
 .debug_abbrev  0x00000000000007c6      0x20d ./Drivers/STM32F4xx_HAL_Driver/Src/stm32f4xx_hal.o
 .debug_abbrev  0x00000000000009d3      0x316 ./Drivers/STM32F4xx_HAL_Driver/Src/stm32f4xx_hal_cortex.o
 .debug_abbrev  0x0000000000000ce9      0x19e ./Drivers/STM32F4xx_HAL_Driver/Src/stm32f4xx_hal_crc.o
 .debug_abbrev  0x0000000000000e87      0x1c4 ./Drivers/STM32F4xx_HAL_Driver/Src/stm32f4xx_hal_gpio.o
 .debug_abbrev  0x000000000000104b      0x297 ./Drivers/STM32F4xx_HAL_Driver/Src/stm32f4xx_hal_i2c.o
 .debug_abbrev  0x00000000000012e2      0x2d2 ./Drivers/STM32F4xx_HAL_Driver/Src/stm32f4xx_hal_pcd.o
 .debug_abbrev  0x00000000000015b4      0x1ce ./Drivers/STM32F4xx_HAL_Driver/Src/stm32f4xx_hal_pcd_ex.o
 .debug_abbrev  0x0000000000001782      0x2aa ./Drivers/STM32F4xx_HAL_Driver/Src/stm32f4xx_hal_rcc.o
 .debug_abbrev  0x0000000000001a2c      0x1fb ./Drivers/STM32F4xx_HAL_Driver/Src/stm32f4xx_hal_rcc_ex.o
 .debug_abbrev  0x0000000000001c27      0x2f4 ./Drivers/STM32F4xx_HAL_Driver/Src/stm32f4xx_hal_uart.o
 .debug_abbrev  0x0000000000001f1b      0x296 ./Drivers/STM32F4xx_HAL_Driver/Src/stm32f4xx_ll_usb.o
 .debug_abbrev  0x00000000000021b1      0x345 ./Drivers/ssd1306/ssd1306.o
 .debug_abbrev  0x00000000000024f6       0xad ./Drivers/ssd1306/ssd1306_fonts.o
 .debug_abbrev  0x00000000000025a3      0x291 ./Middlewares/ST/STM32_USB_Device_Library/Class/HID/Src/usbd_hid.o
 .debug_abbrev  0x0000000000002834      0x263 ./Middlewares/ST/STM32_USB_Device_Library/Core/Src/usbd_core.o
 .debug_abbrev  0x0000000000002a97      0x25c ./Middlewares/ST/STM32_USB_Device_Library/Core/Src/usbd_ctlreq.o
 .debug_abbrev  0x0000000000002cf3      0x18a ./Middlewares/ST/STM32_USB_Device_Library/Core/Src/usbd_ioreq.o
 .debug_abbrev  0x0000000000002e7d      0x17d ./USB_DEVICE/App/usb_device.o
 .debug_abbrev  0x0000000000002ffa      0x1da ./USB_DEVICE/App/usbd_desc.o
 .debug_abbrev  0x00000000000031d4      0x32b ./USB_DEVICE/Target/usbd_conf.o

.debug_aranges  0x0000000000000000     0x11c0
 .debug_aranges
                0x0000000000000000       0x80 ./Core/Src/main.o
 .debug_aranges
                0x0000000000000080       0x50 ./Core/Src/stm32f4xx_hal_msp.o
 .debug_aranges
                0x00000000000000d0       0x68 ./Core/Src/stm32f4xx_it.o
 .debug_aranges
                0x0000000000000138       0x28 ./Core/Src/system_stm32f4xx.o
 .debug_aranges
                0x0000000000000160       0x28 ./Core/Startup/startup_stm32f446rctx.o
 .debug_aranges
                0x0000000000000188       0xf0 ./Drivers/STM32F4xx_HAL_Driver/Src/stm32f4xx_hal.o
 .debug_aranges
                0x0000000000000278      0x118 ./Drivers/STM32F4xx_HAL_Driver/Src/stm32f4xx_hal_cortex.o
 .debug_aranges
                0x0000000000000390       0x50 ./Drivers/STM32F4xx_HAL_Driver/Src/stm32f4xx_hal_crc.o
 .debug_aranges
                0x00000000000003e0       0x58 ./Drivers/STM32F4xx_HAL_Driver/Src/stm32f4xx_hal_gpio.o
 .debug_aranges
                0x0000000000000438      0x2a0 ./Drivers/STM32F4xx_HAL_Driver/Src/stm32f4xx_hal_i2c.o
 .debug_aranges
                0x00000000000006d8      0x148 ./Drivers/STM32F4xx_HAL_Driver/Src/stm32f4xx_hal_pcd.o
 .debug_aranges
                0x0000000000000820       0x48 ./Drivers/STM32F4xx_HAL_Driver/Src/stm32f4xx_hal_pcd_ex.o
 .debug_aranges
                0x0000000000000868       0x88 ./Drivers/STM32F4xx_HAL_Driver/Src/stm32f4xx_hal_rcc.o
 .debug_aranges
                0x00000000000008f0       0x78 ./Drivers/STM32F4xx_HAL_Driver/Src/stm32f4xx_hal_rcc_ex.o
 .debug_aranges
                0x0000000000000968      0x200 ./Drivers/STM32F4xx_HAL_Driver/Src/stm32f4xx_hal_uart.o
 .debug_aranges
                0x0000000000000b68      0x1a0 ./Drivers/STM32F4xx_HAL_Driver/Src/stm32f4xx_ll_usb.o
 .debug_aranges
                0x0000000000000d08       0xe8 ./Drivers/ssd1306/ssd1306.o
 .debug_aranges
                0x0000000000000df0       0x18 ./Drivers/ssd1306/ssd1306_fonts.o
 .debug_aranges
                0x0000000000000e08       0x68 ./Middlewares/ST/STM32_USB_Device_Library/Class/HID/Src/usbd_hid.o
 .debug_aranges
                0x0000000000000e70       0xd8 ./Middlewares/ST/STM32_USB_Device_Library/Core/Src/usbd_core.o
 .debug_aranges
                0x0000000000000f48       0x90 ./Middlewares/ST/STM32_USB_Device_Library/Core/Src/usbd_ctlreq.o
 .debug_aranges
                0x0000000000000fd8       0x50 ./Middlewares/ST/STM32_USB_Device_Library/Core/Src/usbd_ioreq.o
 .debug_aranges
                0x0000000000001028       0x20 ./USB_DEVICE/App/usb_device.o
 .debug_aranges
                0x0000000000001048       0x60 ./USB_DEVICE/App/usbd_desc.o
 .debug_aranges
                0x00000000000010a8      0x118 ./USB_DEVICE/Target/usbd_conf.o

.debug_ranges   0x0000000000000000     0x1078
 .debug_ranges  0x0000000000000000       0x70 ./Core/Src/main.o
 .debug_ranges  0x0000000000000070       0x40 ./Core/Src/stm32f4xx_hal_msp.o
 .debug_ranges  0x00000000000000b0       0x58 ./Core/Src/stm32f4xx_it.o
 .debug_ranges  0x0000000000000108       0x18 ./Core/Src/system_stm32f4xx.o
 .debug_ranges  0x0000000000000120       0x20 ./Core/Startup/startup_stm32f446rctx.o
 .debug_ranges  0x0000000000000140       0xe0 ./Drivers/STM32F4xx_HAL_Driver/Src/stm32f4xx_hal.o
 .debug_ranges  0x0000000000000220      0x108 ./Drivers/STM32F4xx_HAL_Driver/Src/stm32f4xx_hal_cortex.o
 .debug_ranges  0x0000000000000328       0x40 ./Drivers/STM32F4xx_HAL_Driver/Src/stm32f4xx_hal_crc.o
 .debug_ranges  0x0000000000000368       0x48 ./Drivers/STM32F4xx_HAL_Driver/Src/stm32f4xx_hal_gpio.o
 .debug_ranges  0x00000000000003b0      0x2a8 ./Drivers/STM32F4xx_HAL_Driver/Src/stm32f4xx_hal_i2c.o
 .debug_ranges  0x0000000000000658      0x138 ./Drivers/STM32F4xx_HAL_Driver/Src/stm32f4xx_hal_pcd.o
 .debug_ranges  0x0000000000000790       0x38 ./Drivers/STM32F4xx_HAL_Driver/Src/stm32f4xx_hal_pcd_ex.o
 .debug_ranges  0x00000000000007c8       0x78 ./Drivers/STM32F4xx_HAL_Driver/Src/stm32f4xx_hal_rcc.o
 .debug_ranges  0x0000000000000840       0x68 ./Drivers/STM32F4xx_HAL_Driver/Src/stm32f4xx_hal_rcc_ex.o
 .debug_ranges  0x00000000000008a8      0x220 ./Drivers/STM32F4xx_HAL_Driver/Src/stm32f4xx_hal_uart.o
 .debug_ranges  0x0000000000000ac8      0x190 ./Drivers/STM32F4xx_HAL_Driver/Src/stm32f4xx_ll_usb.o
 .debug_ranges  0x0000000000000c58       0xd8 ./Drivers/ssd1306/ssd1306.o
 .debug_ranges  0x0000000000000d30       0x58 ./Middlewares/ST/STM32_USB_Device_Library/Class/HID/Src/usbd_hid.o
 .debug_ranges  0x0000000000000d88       0xc8 ./Middlewares/ST/STM32_USB_Device_Library/Core/Src/usbd_core.o
 .debug_ranges  0x0000000000000e50       0x80 ./Middlewares/ST/STM32_USB_Device_Library/Core/Src/usbd_ctlreq.o
 .debug_ranges  0x0000000000000ed0       0x40 ./Middlewares/ST/STM32_USB_Device_Library/Core/Src/usbd_ioreq.o
 .debug_ranges  0x0000000000000f10       0x10 ./USB_DEVICE/App/usb_device.o
 .debug_ranges  0x0000000000000f20       0x50 ./USB_DEVICE/App/usbd_desc.o
 .debug_ranges  0x0000000000000f70      0x108 ./USB_DEVICE/Target/usbd_conf.o

.debug_macro    0x0000000000000000    0x25039
 .debug_macro   0x0000000000000000      0x458 ./Core/Src/main.o
 .debug_macro   0x0000000000000458      0xa78 ./Core/Src/main.o
 .debug_macro   0x0000000000000ed0      0x2a7 ./Core/Src/main.o
 .debug_macro   0x0000000000001177       0x2e ./Core/Src/main.o
 .debug_macro   0x00000000000011a5       0x28 ./Core/Src/main.o
 .debug_macro   0x00000000000011cd       0x22 ./Core/Src/main.o
 .debug_macro   0x00000000000011ef       0x8e ./Core/Src/main.o
 .debug_macro   0x000000000000127d       0x51 ./Core/Src/main.o
 .debug_macro   0x00000000000012ce      0x103 ./Core/Src/main.o
 .debug_macro   0x00000000000013d1       0x6a ./Core/Src/main.o
 .debug_macro   0x000000000000143b      0x1df ./Core/Src/main.o
 .debug_macro   0x000000000000161a       0x1c ./Core/Src/main.o
 .debug_macro   0x0000000000001636       0x22 ./Core/Src/main.o
 .debug_macro   0x0000000000001658       0xd9 ./Core/Src/main.o
 .debug_macro   0x0000000000001731     0x102d ./Core/Src/main.o
 .debug_macro   0x000000000000275e      0x11f ./Core/Src/main.o
 .debug_macro   0x000000000000287d    0x16749 ./Core/Src/main.o
 .debug_macro   0x0000000000018fc6       0x6d ./Core/Src/main.o
 .debug_macro   0x0000000000019033     0x367e ./Core/Src/main.o
 .debug_macro   0x000000000001c6b1      0x174 ./Core/Src/main.o
 .debug_macro   0x000000000001c825       0x5c ./Core/Src/main.o
 .debug_macro   0x000000000001c881      0xc90 ./Core/Src/main.o
 .debug_macro   0x000000000001d511      0x9fe ./Core/Src/main.o
 .debug_macro   0x000000000001df0f      0x115 ./Core/Src/main.o
 .debug_macro   0x000000000001e024      0x1a0 ./Core/Src/main.o
 .debug_macro   0x000000000001e1c4       0xa5 ./Core/Src/main.o
 .debug_macro   0x000000000001e269      0x16d ./Core/Src/main.o
 .debug_macro   0x000000000001e3d6      0x287 ./Core/Src/main.o
 .debug_macro   0x000000000001e65d       0x5f ./Core/Src/main.o
 .debug_macro   0x000000000001e6bc      0x236 ./Core/Src/main.o
 .debug_macro   0x000000000001e8f2       0x22 ./Core/Src/main.o
 .debug_macro   0x000000000001e914      0x132 ./Core/Src/main.o
 .debug_macro   0x000000000001ea46      0x29c ./Core/Src/main.o
 .debug_macro   0x000000000001ece2       0x2e ./Core/Src/main.o
 .debug_macro   0x000000000001ed10      0x1b5 ./Core/Src/main.o
 .debug_macro   0x000000000001eec5       0x22 ./Core/Src/main.o
 .debug_macro   0x000000000001eee7       0xd6 ./Core/Src/main.o
 .debug_macro   0x000000000001efbd      0x11a ./Core/Src/main.o
 .debug_macro   0x000000000001f0d7       0xe8 ./Core/Src/main.o
 .debug_macro   0x000000000001f1bf       0x89 ./Core/Src/main.o
 .debug_macro   0x000000000001f248      0x295 ./Core/Src/main.o
 .debug_macro   0x000000000001f4dd      0x248 ./Core/Src/main.o
 .debug_macro   0x000000000001f725       0xba ./Core/Src/main.o
 .debug_macro   0x000000000001f7df      0x126 ./Core/Src/main.o
 .debug_macro   0x000000000001f905      0x193 ./Core/Src/main.o
 .debug_macro   0x000000000001fa98       0x52 ./Core/Src/main.o
 .debug_macro   0x000000000001faea       0x1e ./Core/Src/main.o
 .debug_macro   0x000000000001fb08       0x3c ./Core/Src/main.o
 .debug_macro   0x000000000001fb44       0x34 ./Core/Src/main.o
 .debug_macro   0x000000000001fb78       0x16 ./Core/Src/main.o
 .debug_macro   0x000000000001fb8e       0x35 ./Core/Src/main.o
 .debug_macro   0x000000000001fbc3      0x341 ./Core/Src/main.o
 .debug_macro   0x000000000001ff04       0x10 ./Core/Src/main.o
 .debug_macro   0x000000000001ff14       0x16 ./Core/Src/main.o
 .debug_macro   0x000000000001ff2a       0x43 ./Core/Src/main.o
 .debug_macro   0x000000000001ff6d       0x34 ./Core/Src/main.o
 .debug_macro   0x000000000001ffa1       0x10 ./Core/Src/main.o
 .debug_macro   0x000000000001ffb1       0x58 ./Core/Src/main.o
 .debug_macro   0x0000000000020009       0x71 ./Core/Src/main.o
 .debug_macro   0x000000000002007a       0x1c ./Core/Src/main.o
 .debug_macro   0x0000000000020096      0x12a ./Core/Src/main.o
 .debug_macro   0x00000000000201c0       0x10 ./Core/Src/main.o
 .debug_macro   0x00000000000201d0       0x1c ./Core/Src/main.o
 .debug_macro   0x00000000000201ec       0x52 ./Core/Src/main.o
 .debug_macro   0x000000000002023e       0x22 ./Core/Src/main.o
 .debug_macro   0x0000000000020260       0x10 ./Core/Src/main.o
 .debug_macro   0x0000000000020270       0x52 ./Core/Src/main.o
 .debug_macro   0x00000000000202c2       0xd5 ./Core/Src/main.o
 .debug_macro   0x0000000000020397       0x1c ./Core/Src/main.o
 .debug_macro   0x00000000000203b3       0x3d ./Core/Src/main.o
 .debug_macro   0x00000000000203f0       0x16 ./Core/Src/main.o
 .debug_macro   0x0000000000020406      0x145 ./Core/Src/main.o
 .debug_macro   0x000000000002054b       0x16 ./Core/Src/main.o
 .debug_macro   0x0000000000020561       0x16 ./Core/Src/main.o
 .debug_macro   0x0000000000020577       0x29 ./Core/Src/main.o
 .debug_macro   0x00000000000205a0       0x16 ./Core/Src/main.o
 .debug_macro   0x00000000000205b6       0x20 ./Core/Src/main.o
 .debug_macro   0x00000000000205d6       0x6b ./Core/Src/main.o
 .debug_macro   0x0000000000020641      0x20f ./Core/Src/main.o
 .debug_macro   0x0000000000020850       0x5e ./Core/Src/main.o
 .debug_macro   0x00000000000208ae       0x34 ./Core/Src/main.o
 .debug_macro   0x00000000000208e2       0x40 ./Core/Src/main.o
 .debug_macro   0x0000000000020922      0x210 ./Core/Src/stm32f4xx_hal_msp.o
 .debug_macro   0x0000000000020b32      0x21a ./Core/Src/stm32f4xx_it.o
 .debug_macro   0x0000000000020d4c      0x201 ./Core/Src/system_stm32f4xx.o
 .debug_macro   0x0000000000020f4d      0x261 ./Drivers/STM32F4xx_HAL_Driver/Src/stm32f4xx_hal.o
 .debug_macro   0x00000000000211ae      0x201 ./Drivers/STM32F4xx_HAL_Driver/Src/stm32f4xx_hal_cortex.o
 .debug_macro   0x00000000000213af      0x201 ./Drivers/STM32F4xx_HAL_Driver/Src/stm32f4xx_hal_crc.o
 .debug_macro   0x00000000000215b0      0x207 ./Drivers/STM32F4xx_HAL_Driver/Src/stm32f4xx_hal_gpio.o
 .debug_macro   0x00000000000217b7      0x248 ./Drivers/STM32F4xx_HAL_Driver/Src/stm32f4xx_hal_i2c.o
 .debug_macro   0x00000000000219ff      0x20d ./Drivers/STM32F4xx_HAL_Driver/Src/stm32f4xx_hal_pcd.o
 .debug_macro   0x0000000000021c0c      0x201 ./Drivers/STM32F4xx_HAL_Driver/Src/stm32f4xx_hal_pcd_ex.o
 .debug_macro   0x0000000000021e0d      0x225 ./Drivers/STM32F4xx_HAL_Driver/Src/stm32f4xx_hal_rcc.o
 .debug_macro   0x0000000000022032      0x201 ./Drivers/STM32F4xx_HAL_Driver/Src/stm32f4xx_hal_rcc_ex.o
 .debug_macro   0x0000000000022233      0x202 ./Drivers/STM32F4xx_HAL_Driver/Src/stm32f4xx_hal_uart.o
 .debug_macro   0x0000000000022435      0x201 ./Drivers/STM32F4xx_HAL_Driver/Src/stm32f4xx_ll_usb.o
 .debug_macro   0x0000000000022636      0x32c ./Drivers/ssd1306/ssd1306.o
 .debug_macro   0x0000000000022962       0x28 ./Drivers/ssd1306/ssd1306.o
 .debug_macro   0x000000000002298a      0x19b ./Drivers/ssd1306/ssd1306.o
 .debug_macro   0x0000000000022b25      0x257 ./Drivers/ssd1306/ssd1306_fonts.o
 .debug_macro   0x0000000000022d7c      0x426 ./Middlewares/ST/STM32_USB_Device_Library/Class/HID/Src/usbd_hid.o
 .debug_macro   0x00000000000231a2       0x97 ./Middlewares/ST/STM32_USB_Device_Library/Class/HID/Src/usbd_hid.o
 .debug_macro   0x0000000000023239       0xfd ./Middlewares/ST/STM32_USB_Device_Library/Class/HID/Src/usbd_hid.o
 .debug_macro   0x0000000000023336       0x56 ./Middlewares/ST/STM32_USB_Device_Library/Class/HID/Src/usbd_hid.o
 .debug_macro   0x000000000002338c      0x40d ./Middlewares/ST/STM32_USB_Device_Library/Core/Src/usbd_core.o
 .debug_macro   0x0000000000023799      0x215 ./Middlewares/ST/STM32_USB_Device_Library/Core/Src/usbd_core.o
 .debug_macro   0x00000000000239ae      0x417 ./Middlewares/ST/STM32_USB_Device_Library/Core/Src/usbd_ctlreq.o
 .debug_macro   0x0000000000023dc5      0x413 ./Middlewares/ST/STM32_USB_Device_Library/Core/Src/usbd_ioreq.o
 .debug_macro   0x00000000000241d8      0x43d ./USB_DEVICE/App/usb_device.o
 .debug_macro   0x0000000000024615      0x199 ./USB_DEVICE/App/usb_device.o
 .debug_macro   0x00000000000247ae       0x10 ./USB_DEVICE/App/usb_device.o
 .debug_macro   0x00000000000247be      0x451 ./USB_DEVICE/App/usbd_desc.o
 .debug_macro   0x0000000000024c0f      0x42a ./USB_DEVICE/Target/usbd_conf.o

.debug_line     0x0000000000000000    0x1864f
 .debug_line    0x0000000000000000      0xfb9 ./Core/Src/main.o
 .debug_line    0x0000000000000fb9      0x7fd ./Core/Src/stm32f4xx_hal_msp.o
 .debug_line    0x00000000000017b6      0x7f4 ./Core/Src/stm32f4xx_it.o
 .debug_line    0x0000000000001faa      0x79b ./Core/Src/system_stm32f4xx.o
 .debug_line    0x0000000000002745       0x88 ./Core/Startup/startup_stm32f446rctx.o
 .debug_line    0x00000000000027cd      0xa01 ./Drivers/STM32F4xx_HAL_Driver/Src/stm32f4xx_hal.o
 .debug_line    0x00000000000031ce      0xcb0 ./Drivers/STM32F4xx_HAL_Driver/Src/stm32f4xx_hal_cortex.o
 .debug_line    0x0000000000003e7e      0x860 ./Drivers/STM32F4xx_HAL_Driver/Src/stm32f4xx_hal_crc.o
 .debug_line    0x00000000000046de      0xb61 ./Drivers/STM32F4xx_HAL_Driver/Src/stm32f4xx_hal_gpio.o
 .debug_line    0x000000000000523f     0x39b6 ./Drivers/STM32F4xx_HAL_Driver/Src/stm32f4xx_hal_i2c.o
 .debug_line    0x0000000000008bf5     0x14cb ./Drivers/STM32F4xx_HAL_Driver/Src/stm32f4xx_hal_pcd.o
 .debug_line    0x000000000000a0c0      0x82b ./Drivers/STM32F4xx_HAL_Driver/Src/stm32f4xx_hal_pcd_ex.o
 .debug_line    0x000000000000a8eb      0xd89 ./Drivers/STM32F4xx_HAL_Driver/Src/stm32f4xx_hal_rcc.o
 .debug_line    0x000000000000b674     0x1414 ./Drivers/STM32F4xx_HAL_Driver/Src/stm32f4xx_hal_rcc_ex.o
 .debug_line    0x000000000000ca88     0x2aa6 ./Drivers/STM32F4xx_HAL_Driver/Src/stm32f4xx_hal_uart.o
 .debug_line    0x000000000000f52e     0x1abf ./Drivers/STM32F4xx_HAL_Driver/Src/stm32f4xx_ll_usb.o
 .debug_line    0x0000000000010fed     0x1145 ./Drivers/ssd1306/ssd1306.o
 .debug_line    0x0000000000012132      0x813 ./Drivers/ssd1306/ssd1306_fonts.o
 .debug_line    0x0000000000012945      0xcd1 ./Middlewares/ST/STM32_USB_Device_Library/Class/HID/Src/usbd_hid.o
 .debug_line    0x0000000000013616      0xfa6 ./Middlewares/ST/STM32_USB_Device_Library/Core/Src/usbd_core.o
 .debug_line    0x00000000000145bc     0x1177 ./Middlewares/ST/STM32_USB_Device_Library/Core/Src/usbd_ctlreq.o
 .debug_line    0x0000000000015733      0xabe ./Middlewares/ST/STM32_USB_Device_Library/Core/Src/usbd_ioreq.o
 .debug_line    0x00000000000161f1      0xa5f ./USB_DEVICE/App/usb_device.o
 .debug_line    0x0000000000016c50      0xb43 ./USB_DEVICE/App/usbd_desc.o
 .debug_line    0x0000000000017793      0xebc ./USB_DEVICE/Target/usbd_conf.o

.debug_str      0x0000000000000000    0xcfdaf
 .debug_str     0x0000000000000000    0xcaca2 ./Core/Src/main.o
                                      0xcb09c (size before relaxing)
 .debug_str     0x00000000000caca2       0xaf ./Core/Src/stm32f4xx_hal_msp.o
                                      0xc5b7d (size before relaxing)
 .debug_str     0x00000000000cad51      0x46a ./Core/Src/stm32f4xx_it.o
                                      0xc56d8 (size before relaxing)
 .debug_str     0x00000000000cb1bb       0xdb ./Core/Src/system_stm32f4xx.o
                                      0xc4ec1 (size before relaxing)
 .debug_str     0x00000000000cb296       0x36 ./Core/Startup/startup_stm32f446rctx.o
                                         0x74 (size before relaxing)
 .debug_str     0x00000000000cb2cc      0xb2e ./Drivers/STM32F4xx_HAL_Driver/Src/stm32f4xx_hal.o
                                      0xc5a86 (size before relaxing)
 .debug_str     0x00000000000cbdfa      0x34d ./Drivers/STM32F4xx_HAL_Driver/Src/stm32f4xx_hal_cortex.o
                                      0xc5794 (size before relaxing)
 .debug_str     0x00000000000cc147       0x9d ./Drivers/STM32F4xx_HAL_Driver/Src/stm32f4xx_hal_crc.o
                                      0xc4eca (size before relaxing)
 .debug_str     0x00000000000cc1e4      0x10b ./Drivers/STM32F4xx_HAL_Driver/Src/stm32f4xx_hal_gpio.o
                                      0xc503c (size before relaxing)
 .debug_str     0x00000000000cc2ef      0xaf2 ./Drivers/STM32F4xx_HAL_Driver/Src/stm32f4xx_hal_i2c.o
                                      0xc5e6c (size before relaxing)
 .debug_str     0x00000000000ccde1      0x853 ./Drivers/STM32F4xx_HAL_Driver/Src/stm32f4xx_hal_pcd.o
                                      0xc59b6 (size before relaxing)
 .debug_str     0x00000000000cd634      0x12d ./Drivers/STM32F4xx_HAL_Driver/Src/stm32f4xx_hal_pcd_ex.o
                                      0xc52b7 (size before relaxing)
 .debug_str     0x00000000000cd761      0x1ff ./Drivers/STM32F4xx_HAL_Driver/Src/stm32f4xx_hal_rcc.o
                                      0xc52fa (size before relaxing)
 .debug_str     0x00000000000cd960      0x324 ./Drivers/STM32F4xx_HAL_Driver/Src/stm32f4xx_hal_rcc_ex.o
                                      0xc532d (size before relaxing)
 .debug_str     0x00000000000cdc84      0x5fd ./Drivers/STM32F4xx_HAL_Driver/Src/stm32f4xx_hal_uart.o
                                      0xc586f (size before relaxing)
 .debug_str     0x00000000000ce281      0x42f ./Drivers/STM32F4xx_HAL_Driver/Src/stm32f4xx_ll_usb.o
                                      0xc57ff (size before relaxing)
 .debug_str     0x00000000000ce6b0      0xb7b ./Drivers/ssd1306/ssd1306.o
                                      0xc8f73 (size before relaxing)
 .debug_str     0x00000000000cf22b       0x41 ./Drivers/ssd1306/ssd1306_fonts.o
                                      0xc51f5 (size before relaxing)
 .debug_str     0x00000000000cf26c      0x2ec ./Middlewares/ST/STM32_USB_Device_Library/Class/HID/Src/usbd_hid.o
                                      0xca4b4 (size before relaxing)
 .debug_str     0x00000000000cf558      0x360 ./Middlewares/ST/STM32_USB_Device_Library/Core/Src/usbd_core.o
                                      0xca353 (size before relaxing)